Archive member included to satisfy reference by file (symbol)

/usr/lib/gcc/arm-none-eabi/6.3.1/thumb/v7e-m/libgcc.a(_aeabi_uldivmod.o)
                              bin/stm32f4xx_hal_rcc.o (__aeabi_uldivmod)
/usr/lib/gcc/arm-none-eabi/6.3.1/thumb/v7e-m/libgcc.a(_udivmoddi4.o)
                              /usr/lib/gcc/arm-none-eabi/6.3.1/thumb/v7e-m/libgcc.a(_aeabi_uldivmod.o) (__udivmoddi4)
/usr/lib/gcc/arm-none-eabi/6.3.1/thumb/v7e-m/libgcc.a(_dvmd_tls.o)
                              /usr/lib/gcc/arm-none-eabi/6.3.1/thumb/v7e-m/libgcc.a(_aeabi_uldivmod.o) (__aeabi_ldiv0)
/usr/lib/gcc/arm-none-eabi/6.3.1/../../../arm-none-eabi/lib/thumb/v7e-m/libg.a(lib_a-atexit.o)
                              /usr/lib/gcc/arm-none-eabi/6.3.1/../../../arm-none-eabi/lib/thumb/v7e-m/crt0.o (atexit)
/usr/lib/gcc/arm-none-eabi/6.3.1/../../../arm-none-eabi/lib/thumb/v7e-m/libg.a(lib_a-exit.o)
                              /usr/lib/gcc/arm-none-eabi/6.3.1/../../../arm-none-eabi/lib/thumb/v7e-m/crt0.o (exit)
/usr/lib/gcc/arm-none-eabi/6.3.1/../../../arm-none-eabi/lib/thumb/v7e-m/libg.a(lib_a-fini.o)
                              /usr/lib/gcc/arm-none-eabi/6.3.1/../../../arm-none-eabi/lib/thumb/v7e-m/crt0.o (__libc_fini_array)
/usr/lib/gcc/arm-none-eabi/6.3.1/../../../arm-none-eabi/lib/thumb/v7e-m/libg.a(lib_a-impure.o)
                              /usr/lib/gcc/arm-none-eabi/6.3.1/../../../arm-none-eabi/lib/thumb/v7e-m/libg.a(lib_a-exit.o) (_global_impure_ptr)
/usr/lib/gcc/arm-none-eabi/6.3.1/../../../arm-none-eabi/lib/thumb/v7e-m/libg.a(lib_a-init.o)
                              /usr/lib/gcc/arm-none-eabi/6.3.1/../../../arm-none-eabi/lib/thumb/v7e-m/crt0.o (__libc_init_array)
/usr/lib/gcc/arm-none-eabi/6.3.1/../../../arm-none-eabi/lib/thumb/v7e-m/libg.a(lib_a-memset.o)
                              /usr/lib/gcc/arm-none-eabi/6.3.1/../../../arm-none-eabi/lib/thumb/v7e-m/crt0.o (memset)
/usr/lib/gcc/arm-none-eabi/6.3.1/../../../arm-none-eabi/lib/thumb/v7e-m/libg.a(lib_a-__atexit.o)
                              /usr/lib/gcc/arm-none-eabi/6.3.1/../../../arm-none-eabi/lib/thumb/v7e-m/libg.a(lib_a-atexit.o) (__register_exitproc)
/usr/lib/gcc/arm-none-eabi/6.3.1/../../../arm-none-eabi/lib/thumb/v7e-m/libg.a(lib_a-__call_atexit.o)
                              /usr/lib/gcc/arm-none-eabi/6.3.1/../../../arm-none-eabi/lib/thumb/v7e-m/libg.a(lib_a-exit.o) (__call_exitprocs)

Allocating common symbols
Common symbol       size              file

uwTick              0x4               bin/stm32f4xx_hal.o
pFlash              0x20              bin/stm32f4xx_hal_flash.o

Discarded input sections

 .text          0x0000000000000000        0x0 /usr/lib/gcc/arm-none-eabi/6.3.1/thumb/v7e-m/crti.o
 .data          0x0000000000000000        0x0 /usr/lib/gcc/arm-none-eabi/6.3.1/thumb/v7e-m/crti.o
 .bss           0x0000000000000000        0x0 /usr/lib/gcc/arm-none-eabi/6.3.1/thumb/v7e-m/crti.o
 .data          0x0000000000000000        0x4 /usr/lib/gcc/arm-none-eabi/6.3.1/thumb/v7e-m/crtbegin.o
 .text          0x0000000000000000       0x68 /usr/lib/gcc/arm-none-eabi/6.3.1/../../../arm-none-eabi/lib/thumb/v7e-m/crt0.o
 .data          0x0000000000000000        0x0 /usr/lib/gcc/arm-none-eabi/6.3.1/../../../arm-none-eabi/lib/thumb/v7e-m/crt0.o
 .bss           0x0000000000000000        0x0 /usr/lib/gcc/arm-none-eabi/6.3.1/../../../arm-none-eabi/lib/thumb/v7e-m/crt0.o
 .ARM.extab     0x0000000000000000        0x0 /usr/lib/gcc/arm-none-eabi/6.3.1/../../../arm-none-eabi/lib/thumb/v7e-m/crt0.o
 .ARM.exidx     0x0000000000000000        0x8 /usr/lib/gcc/arm-none-eabi/6.3.1/../../../arm-none-eabi/lib/thumb/v7e-m/crt0.o
 .debug_line    0x0000000000000000       0x81 /usr/lib/gcc/arm-none-eabi/6.3.1/../../../arm-none-eabi/lib/thumb/v7e-m/crt0.o
 .debug_info    0x0000000000000000       0xb0 /usr/lib/gcc/arm-none-eabi/6.3.1/../../../arm-none-eabi/lib/thumb/v7e-m/crt0.o
 .debug_abbrev  0x0000000000000000       0x14 /usr/lib/gcc/arm-none-eabi/6.3.1/../../../arm-none-eabi/lib/thumb/v7e-m/crt0.o
 .debug_aranges
                0x0000000000000000       0x20 /usr/lib/gcc/arm-none-eabi/6.3.1/../../../arm-none-eabi/lib/thumb/v7e-m/crt0.o
 .ARM.attributes
                0x0000000000000000       0x1c /usr/lib/gcc/arm-none-eabi/6.3.1/../../../arm-none-eabi/lib/thumb/v7e-m/crt0.o
 .text          0x0000000000000000       0x14 bin/startup_stm32f413xx.o
 .data          0x0000000000000000        0x0 bin/startup_stm32f413xx.o
 .bss           0x0000000000000000        0x0 bin/startup_stm32f413xx.o
 .group         0x0000000000000000        0x8 bin/gpio.o
 .group         0x0000000000000000        0x8 bin/gpio.o
 .group         0x0000000000000000        0x8 bin/gpio.o
 .group         0x0000000000000000        0x8 bin/gpio.o
 .group         0x0000000000000000        0x8 bin/gpio.o
 .group         0x0000000000000000        0x8 bin/gpio.o
 .group         0x0000000000000000        0x8 bin/gpio.o
 .group         0x0000000000000000        0x8 bin/gpio.o
[...]
Memory Configuration

Name             Origin             Length             Attributes
RAM              0x0000000020000000 0x0000000000050000 xrw
FLASH            0x0000000008000000 0x0000000000180000 xr
*default*        0x0000000000000000 0xffffffffffffffff

Linker script and memory map

LOAD /usr/lib/gcc/arm-none-eabi/6.3.1/thumb/v7e-m/crti.o
LOAD /usr/lib/gcc/arm-none-eabi/6.3.1/thumb/v7e-m/crtbegin.o
LOAD /usr/lib/gcc/arm-none-eabi/6.3.1/../../../arm-none-eabi/lib/thumb/v7e-m/crt0.o
LOAD bin/startup_stm32f413xx.o
LOAD bin/gpio.o
LOAD bin/main.o
LOAD bin/system_stm32f4xx.o
LOAD bin/stm32f4xx_hal_dcmi_ex.o
LOAD bin/stm32f4xx_hal_flash_ex.o
LOAD bin/stm32f4xx_hal_uart.o
LOAD bin/stm32f4xx_hal_lptim.o
LOAD bin/stm32f4xx_hal_spi.o
LOAD bin/stm32f4xx_hal_mmc.o
LOAD bin/stm32f4xx_hal_tim.o
LOAD bin/stm32f4xx_ll_i2c.o
LOAD bin/stm32f4xx_hal_fmpi2c.o
LOAD bin/stm32f4xx_ll_fmc.o
LOAD bin/stm32f4xx_hal_ltdc_ex.o
LOAD bin/stm32f4xx_hal_cortex.o
LOAD bin/stm32f4xx_hal_dfsdm.o
LOAD bin/stm32f4xx_ll_usart.o
LOAD bin/stm32f4xx_hal_nor.o
LOAD bin/stm32f4xx_hal_adc_ex.o
LOAD bin/stm32f4xx_hal_i2c.o
LOAD bin/stm32f4xx_hal_wwdg.o
LOAD bin/stm32f4xx_hal_ltdc.o
LOAD bin/stm32f4xx_hal_rtc_ex.o
LOAD bin/stm32f4xx_hal_pwr_ex.o
LOAD bin/stm32f4xx_hal_dcmi.o
LOAD bin/stm32f4xx_hal_rcc_ex.o
LOAD bin/stm32f4xx_hal_cryp.o
LOAD bin/stm32f4xx_hal_nand.o
LOAD bin/stm32f4xx_hal_gpio.o
LOAD bin/stm32f4xx_hal_smartcard.o
LOAD bin/stm32f4xx_hal_iwdg.o
LOAD bin/stm32f4xx_hal_dma2d.o
LOAD bin/stm32f4xx_hal_usart.o
LOAD bin/stm32f4xx_hal_tim_ex.o
LOAD bin/stm32f4xx_hal_dma.o
LOAD bin/stm32f4xx_hal_dac.o
LOAD bin/stm32f4xx_hal_crc.o
LOAD bin/stm32f4xx_ll_utils.o
LOAD bin/stm32f4xx_hal_sai_ex.o
LOAD bin/stm32f4xx_hal_qspi.o
LOAD bin/stm32f4xx_hal_hash_ex.o
LOAD bin/stm32f4xx_ll_rng.o
LOAD bin/stm32f4xx_hal_dac_ex.o
LOAD bin/stm32f4xx_hal_flash.o
LOAD bin/stm32f4xx_hal_sdram.o
LOAD bin/stm32f4xx_ll_exti.o
LOAD bin/stm32f4xx_ll_fsmc.o
LOAD bin/stm32f4xx_hal_flash_ramfunc.o
LOAD bin/stm32f4xx_ll_rtc.o
LOAD bin/stm32f4xx_ll_pwr.o
LOAD bin/stm32f4xx_hal_i2s.o
LOAD bin/stm32f4xx_hal_pccard.o
LOAD bin/stm32f4xx_ll_rcc.o
LOAD bin/stm32f4xx_hal_i2c_ex.o
LOAD bin/stm32f4xx_hal_pcd_ex.o
LOAD bin/stm32f4xx_ll_crc.o
LOAD bin/stm32f4xx_hal_spdifrx.o
LOAD bin/stm32f4xx_hal_fmpi2c_ex.o
LOAD bin/stm32f4xx_hal_rtc.o
LOAD bin/stm32f4xx_hal_pwr.o
LOAD bin/stm32f4xx_hal_eth.o
LOAD bin/stm32f4xx_hal_sd.o
LOAD bin/stm32f4xx_hal_rcc.o
LOAD bin/stm32f4xx_ll_tim.o
LOAD bin/stm32f4xx_ll_adc.o
LOAD bin/stm32f4xx_ll_gpio.o
LOAD bin/stm32f4xx_hal_i2s_ex.o
LOAD bin/stm32f4xx_hal_pcd.o
LOAD bin/stm32f4xx_hal_cec.o
LOAD bin/stm32f4xx_hal.o
LOAD bin/stm32f4xx_ll_dma.o
LOAD bin/stm32f4xx_ll_dac.o
LOAD bin/stm32f4xx_hal_adc.o
LOAD bin/stm32f4xx_hal_sai.o
LOAD bin/stm32f4xx_hal_cryp_ex.o
LOAD bin/stm32f4xx_hal_hash.o
LOAD bin/stm32f4xx_hal_dsi.o
LOAD bin/stm32f4xx_hal_hcd.o
LOAD bin/stm32f4xx_ll_sdmmc.o
LOAD bin/stm32f4xx_hal_can.o
LOAD bin/stm32f4xx_hal_rng.o
LOAD bin/stm32f4xx_hal_dma_ex.o
LOAD bin/stm32f4xx_hal_sram.o
LOAD bin/stm32f4xx_ll_dma2d.o
LOAD bin/stm32f4xx_ll_lptim.o
LOAD bin/stm32f4xx_ll_spi.o
LOAD bin/stm32f4xx_hal_irda.o
LOAD bin/stm32f4xx_ll_usb.o
START GROUP
LOAD /usr/lib/gcc/arm-none-eabi/6.3.1/thumb/v7e-m/libgcc.a
LOAD /usr/lib/gcc/arm-none-eabi/6.3.1/../../../arm-none-eabi/lib/thumb/v7e-m/libg.a
LOAD /usr/lib/gcc/arm-none-eabi/6.3.1/../../../arm-none-eabi/lib/thumb/v7e-m/libc.a
END GROUP
LOAD /usr/lib/gcc/arm-none-eabi/6.3.1/thumb/v7e-m/crtend.o
LOAD /usr/lib/gcc/arm-none-eabi/6.3.1/thumb/v7e-m/crtn.o
                0x0000000020050000                _estack = 0x20050000
                0x0000000000002000                _Min_Heap_Size = 0x2000
                0x0000000000004000                _Min_Stack_Size = 0x4000

.isr_vector     0x0000000008000000      0x1d8
                0x0000000008000000                . = ALIGN (0x4)
 *(.isr_vector)
 .isr_vector    0x0000000008000000      0x1d8 bin/startup_stm32f413xx.o
                0x0000000008000000                g_pfnVectors
                0x00000000080001d8                . = ALIGN (0x4)

.text           0x00000000080001d8     0x125c
                0x00000000080001d8                . = ALIGN (0x4)
 *(.text)
 .text          0x00000000080001d8       0xa4 /usr/lib/gcc/arm-none-eabi/6.3.1/thumb/v7e-m/crtbegin.o
 .text          0x000000000800027c       0x30 /usr/lib/gcc/arm-none-eabi/6.3.1/thumb/v7e-m/libgcc.a(_aeabi_uldivmod.o)
                0x000000000800027c                __aeabi_uldivmod
 .text          0x00000000080002ac      0x2dc /usr/lib/gcc/arm-none-eabi/6.3.1/thumb/v7e-m/libgcc.a(_udivmoddi4.o)
                0x00000000080002ac                __udivmoddi4
 .text          0x0000000008000588        0x4 /usr/lib/gcc/arm-none-eabi/6.3.1/thumb/v7e-m/libgcc.a(_dvmd_tls.o)
                0x0000000008000588                __aeabi_ldiv0
                0x0000000008000588                __aeabi_idiv0
 .text          0x000000000800058c        0xc /usr/lib/gcc/arm-none-eabi/6.3.1/../../../arm-none-eabi/lib/thumb/v7e-m/libg.a(lib_a-atexit.o)
                0x000000000800058c                atexit
 .text          0x0000000008000598       0x34 /usr/lib/gcc/arm-none-eabi/6.3.1/../../../arm-none-eabi/lib/thumb/v7e-m/libg.a(lib_a-fini.o)
                0x0000000008000598                __libc_fini_array
 .text          0x00000000080005cc       0x48 /usr/lib/gcc/arm-none-eabi/6.3.1/../../../arm-none-eabi/lib/thumb/v7e-m/libg.a(lib_a-init.o)
                0x00000000080005cc                __libc_init_array
 .text          0x0000000008000614       0xa0 /usr/lib/gcc/arm-none-eabi/6.3.1/../../../arm-none-eabi/lib/thumb/v7e-m/libg.a(lib_a-__atexit.o)
                0x0000000008000614                __register_exitproc
 *(.text*)
 .text.Reset_Handler
                0x00000000080006b4       0x50 bin/startup_stm32f413xx.o
                0x00000000080006b4                Reset_Handler
 .text.Default_Handler
                0x0000000008000704        0x2 bin/startup_stm32f413xx.o
                0x0000000008000704                RTC_Alarm_IRQHandler
                0x0000000008000704                EXTI2_IRQHandler
                0x0000000008000704                TIM8_CC_IRQHandler
                0x0000000008000704                DebugMon_Handler
                0x0000000008000704                UART8_IRQHandler
                0x0000000008000704                FMPI2C1_EV_IRQHandler
                0x0000000008000704                SPI4_IRQHandler
                0x0000000008000704                TIM1_CC_IRQHandler
                0x0000000008000704                DMA2_Stream5_IRQHandler
                0x0000000008000704                HardFault_Handler
                0x0000000008000704                DMA1_Stream5_IRQHandler
                0x0000000008000704                CAN3_RX1_IRQHandler
                0x0000000008000704                PVD_IRQHandler
                0x0000000008000704                SDIO_IRQHandler
                0x0000000008000704                TAMP_STAMP_IRQHandler
                0x0000000008000704                PendSV_Handler
                0x0000000008000704                NMI_Handler
                0x0000000008000704                CAN2_RX1_IRQHandler
                0x0000000008000704                EXTI3_IRQHandler
                0x0000000008000704                TIM8_TRG_COM_TIM14_IRQHandler
                0x0000000008000704                DFSDM1_FLT1_IRQHandler
                0x0000000008000704                TIM1_UP_TIM10_IRQHandler
                0x0000000008000704                TIM8_UP_TIM13_IRQHandler
                0x0000000008000704                I2C3_ER_IRQHandler
                0x0000000008000704                EXTI0_IRQHandler
                0x0000000008000704                I2C2_EV_IRQHandler
                0x0000000008000704                DMA1_Stream2_IRQHandler
                0x0000000008000704                CAN1_RX0_IRQHandler
                0x0000000008000704                FPU_IRQHandler
                0x0000000008000704                CAN3_SCE_IRQHandler
                0x0000000008000704                UsageFault_Handler
                0x0000000008000704                CAN2_SCE_IRQHandler
                0x0000000008000704                DMA2_Stream2_IRQHandler
                0x0000000008000704                SPI1_IRQHandler
                0x0000000008000704                TIM6_DAC_IRQHandler
                0x0000000008000704                TIM1_BRK_TIM9_IRQHandler
                0x0000000008000704                CAN2_RX0_IRQHandler
                0x0000000008000704                DMA2_Stream3_IRQHandler
                0x0000000008000704                USART6_IRQHandler
                0x0000000008000704                CAN3_RX0_IRQHandler
                0x0000000008000704                USART3_IRQHandler
                0x0000000008000704                DFSDM2_FLT3_IRQHandler
                0x0000000008000704                CAN1_RX1_IRQHandler
                0x0000000008000704                UART5_IRQHandler
                0x0000000008000704                DMA2_Stream0_IRQHandler
                0x0000000008000704                TIM4_IRQHandler
                0x0000000008000704                QUADSPI_IRQHandler
                0x0000000008000704                I2C1_EV_IRQHandler
                0x0000000008000704                DMA1_Stream6_IRQHandler
                0x0000000008000704                DMA1_Stream1_IRQHandler
                0x0000000008000704                UART4_IRQHandler
                0x0000000008000704                TIM3_IRQHandler
                0x0000000008000704                RCC_IRQHandler
                0x0000000008000704                UART9_IRQHandler
                0x0000000008000704                TIM8_BRK_TIM12_IRQHandler
                0x0000000008000704                Default_Handler
                0x0000000008000704                EXTI15_10_IRQHandler
                0x0000000008000704                ADC_IRQHandler
                0x0000000008000704                DMA1_Stream7_IRQHandler
                0x0000000008000704                DFSDM2_FLT0_IRQHandler
                0x0000000008000704                SPI5_IRQHandler
                0x0000000008000704                TIM7_IRQHandler
                0x0000000008000704                CAN2_TX_IRQHandler
                0x0000000008000704                TIM5_IRQHandler
                0x0000000008000704                DMA2_Stream7_IRQHandler
                0x0000000008000704                I2C3_EV_IRQHandler
                0x0000000008000704                DFSDM2_FLT2_IRQHandler
                0x0000000008000704                EXTI9_5_IRQHandler
                0x0000000008000704                RTC_WKUP_IRQHandler
                0x0000000008000704                SPI2_IRQHandler
                0x0000000008000704                MemManage_Handler
                0x0000000008000704                DMA1_Stream0_IRQHandler
                0x0000000008000704                CAN1_TX_IRQHandler
                0x0000000008000704                SVC_Handler
                0x0000000008000704                FMPI2C1_ER_IRQHandler
                0x0000000008000704                EXTI4_IRQHandler
                0x0000000008000704                DFSDM2_FLT1_IRQHandler
                0x0000000008000704                RNG_IRQHandler
                0x0000000008000704                FSMC_IRQHandler
                0x0000000008000704                WWDG_IRQHandler
                0x0000000008000704                CAN3_TX_IRQHandler
                0x0000000008000704                TIM2_IRQHandler
                0x0000000008000704                OTG_FS_WKUP_IRQHandler
                0x0000000008000704                TIM1_TRG_COM_TIM11_IRQHandler
                0x0000000008000704                EXTI1_IRQHandler
                0x0000000008000704                UART7_IRQHandler
                0x0000000008000704                USART2_IRQHandler
                0x0000000008000704                DFSDM1_FLT0_IRQHandler
                0x0000000008000704                I2C2_ER_IRQHandler
                0x0000000008000704                DMA2_Stream1_IRQHandler
                0x0000000008000704                CAN1_SCE_IRQHandler
                0x0000000008000704                FLASH_IRQHandler
                0x0000000008000704                DMA2_Stream4_IRQHandler
                0x0000000008000704                BusFault_Handler
                0x0000000008000704                USART1_IRQHandler
                0x0000000008000704                OTG_FS_IRQHandler
                0x0000000008000704                SPI3_IRQHandler
                0x0000000008000704                DMA1_Stream4_IRQHandler
                0x0000000008000704                I2C1_ER_IRQHandler
                0x0000000008000704                LPTIM1_IRQHandler
                0x0000000008000704                DMA2_Stream6_IRQHandler
                0x0000000008000704                UART10_IRQHandler
                0x0000000008000704                SAI1_IRQHandler
                0x0000000008000704                DMA1_Stream3_IRQHandler
 *fill*         0x0000000008000706        0x2 
 .text.Led_Init
                0x0000000008000708       0x48 bin/gpio.o
                0x0000000008000708                Led_Init
 .text.SysTick_Handler
                0x0000000008000750        0xe bin/main.o
                0x0000000008000750                SysTick_Handler
 *fill*         0x000000000800075e        0x2 
 .text.SystemClock_Config
                0x0000000008000760       0xc8 bin/main.o
                0x0000000008000760                SystemClock_Config
 .text.startup.main
                0x0000000008000828       0x24 bin/main.o
                0x0000000008000828                main
 .text.SystemInit
                0x000000000800084c       0x40 bin/system_stm32f4xx.o
                0x000000000800084c                SystemInit
 .text.HAL_NVIC_SetPriorityGrouping
                0x000000000800088c       0x24 bin/stm32f4xx_hal_cortex.o
                0x000000000800088c                HAL_NVIC_SetPriorityGrouping
 .text.HAL_NVIC_SetPriority
                0x00000000080008b0       0x68 bin/stm32f4xx_hal_cortex.o
                0x00000000080008b0                HAL_NVIC_SetPriority
 .text.HAL_SYSTICK_Config
                0x0000000008000918       0x2c bin/stm32f4xx_hal_cortex.o
                0x0000000008000918                HAL_SYSTICK_Config
 .text.HAL_SYSTICK_CLKSourceConfig
                0x0000000008000944       0x18 bin/stm32f4xx_hal_cortex.o
                0x0000000008000944                HAL_SYSTICK_CLKSourceConfig
 .text.HAL_SYSTICK_Callback
                0x000000000800095c        0x2 bin/stm32f4xx_hal_cortex.o
                0x000000000800095c                HAL_SYSTICK_Callback
 .text.HAL_SYSTICK_IRQHandler
                0x000000000800095e        0x8 bin/stm32f4xx_hal_cortex.o
                0x000000000800095e                HAL_SYSTICK_IRQHandler
 *fill*         0x0000000008000966        0x2 
 .text.HAL_RCCEx_PeriphCLKConfig
                0x0000000008000968      0x368 bin/stm32f4xx_hal_rcc_ex.o
                0x0000000008000968                HAL_RCCEx_PeriphCLKConfig
 .text.HAL_RCC_OscConfig
                0x0000000008000cd0      0x308 bin/stm32f4xx_hal_rcc_ex.o
                0x0000000008000cd0                HAL_RCC_OscConfig
 .text.HAL_GPIO_Init
                0x0000000008000fd8      0x1b4 bin/stm32f4xx_hal_gpio.o
                0x0000000008000fd8                HAL_GPIO_Init
 .text.HAL_GPIO_WritePin
                0x000000000800118c        0xa bin/stm32f4xx_hal_gpio.o
                0x000000000800118c                HAL_GPIO_WritePin
 .text.HAL_GPIO_TogglePin
                0x0000000008001196        0x8 bin/stm32f4xx_hal_gpio.o
                0x0000000008001196                HAL_GPIO_TogglePin
 *fill*         0x000000000800119e        0x2 
 .text.HAL_RCC_GetSysClockFreq
                0x00000000080011a0       0x5c bin/stm32f4xx_hal_rcc.o
                0x00000000080011a0                HAL_RCC_GetSysClockFreq
 .text.HAL_RCC_ClockConfig
                0x00000000080011fc      0x134 bin/stm32f4xx_hal_rcc.o
                0x00000000080011fc                HAL_RCC_ClockConfig
 .text.HAL_RCC_GetHCLKFreq
                0x0000000008001330        0xc bin/stm32f4xx_hal_rcc.o
                0x0000000008001330                HAL_RCC_GetHCLKFreq
 .text.HAL_MspInit
                0x000000000800133c        0x2 bin/stm32f4xx_hal.o
                0x000000000800133c                HAL_MspInit
 *fill*         0x000000000800133e        0x2 
 .text.HAL_InitTick
                0x0000000008001340       0x48 bin/stm32f4xx_hal.o
                0x0000000008001340                HAL_InitTick
 .text.HAL_Init
                0x0000000008001388       0x34 bin/stm32f4xx_hal.o
                0x0000000008001388                HAL_Init
 .text.HAL_IncTick
                0x00000000080013bc       0x18 bin/stm32f4xx_hal.o
                0x00000000080013bc                HAL_IncTick
 .text.HAL_GetTick
                0x00000000080013d4        0xc bin/stm32f4xx_hal.o
                0x00000000080013d4                HAL_GetTick
 .text.HAL_Delay
                0x00000000080013e0       0x28 bin/stm32f4xx_hal.o
                0x00000000080013e0                HAL_Delay
 .text.startup  0x0000000008001408       0x14 /usr/lib/gcc/arm-none-eabi/6.3.1/../../../arm-none-eabi/lib/thumb/v7e-m/libg.a(lib_a-__call_atexit.o)
 *(.glue_7)
 .glue_7        0x000000000800141c        0x0 linker stubs
 *(.glue_7t)
 .glue_7t       0x000000000800141c        0x0 linker stubs
 *(.eh_frame)
 .eh_frame      0x000000000800141c        0x0 /usr/lib/gcc/arm-none-eabi/6.3.1/thumb/v7e-m/crtbegin.o
 *(.init)
 .init          0x000000000800141c        0x4 /usr/lib/gcc/arm-none-eabi/6.3.1/thumb/v7e-m/crti.o
                0x000000000800141c                _init
 .init          0x0000000008001420        0x8 /usr/lib/gcc/arm-none-eabi/6.3.1/thumb/v7e-m/crtn.o
 *(.fini)
 .fini          0x0000000008001428        0x4 /usr/lib/gcc/arm-none-eabi/6.3.1/thumb/v7e-m/crti.o
                0x0000000008001428                _fini
 .fini          0x000000000800142c        0x8 /usr/lib/gcc/arm-none-eabi/6.3.1/thumb/v7e-m/crtn.o
                0x0000000008001434                . = ALIGN (0x4)
                0x0000000008001434                _etext = .

.vfp11_veneer   0x0000000008001434        0x0
 .vfp11_veneer  0x0000000008001434        0x0 linker stubs

.v4_bx          0x0000000008001434        0x0
 .v4_bx         0x0000000008001434        0x0 linker stubs

.iplt           0x0000000008001434        0x0
 .iplt          0x0000000008001434        0x0 /usr/lib/gcc/arm-none-eabi/6.3.1/thumb/v7e-m/crtbegin.o

.rodata         0x0000000008001434       0x14
                0x0000000008001434                . = ALIGN (0x4)
 *(.rodata)
 .rodata        0x0000000008001434        0x4 /usr/lib/gcc/arm-none-eabi/6.3.1/../../../arm-none-eabi/lib/thumb/v7e-m/libg.a(lib_a-impure.o)
                0x0000000008001434                _global_impure_ptr
 *(.rodata*)
 .rodata.AHBPrescTable
                0x0000000008001438       0x10 bin/system_stm32f4xx.o
                0x0000000008001438                AHBPrescTable
                0x0000000008001448                . = ALIGN (0x4)

.ARM.extab
 *(.ARM.extab* .gnu.linkonce.armextab.*)

.ARM            0x0000000008001448        0x8
                0x0000000008001448                __exidx_start = .
 *(.ARM.exidx*)
 .ARM.exidx     0x0000000008001448        0x8 /usr/lib/gcc/arm-none-eabi/6.3.1/thumb/v7e-m/libgcc.a(_udivmoddi4.o)
                0x0000000008001450                __exidx_end = .

.rel.dyn        0x0000000008001450        0x0
 .rel.iplt      0x0000000008001450        0x0 /usr/lib/gcc/arm-none-eabi/6.3.1/thumb/v7e-m/crtbegin.o

.preinit_array  0x0000000008001450        0x0
                0x0000000008001450                PROVIDE (__preinit_array_start, .)
 *(.preinit_array*)
                0x0000000008001450                PROVIDE (__preinit_array_end, .)

.init_array     0x0000000008001450        0x8
                0x0000000008001450                PROVIDE (__init_array_start, .)
 *(SORT(.init_array.*))
 .init_array.00000
                0x0000000008001450        0x4 /usr/lib/gcc/arm-none-eabi/6.3.1/../../../arm-none-eabi/lib/thumb/v7e-m/libg.a(lib_a-__call_atexit.o)
 *(.init_array*)
 .init_array    0x0000000008001454        0x4 /usr/lib/gcc/arm-none-eabi/6.3.1/thumb/v7e-m/crtbegin.o
                0x0000000008001458                PROVIDE (__init_array_end, .)

.fini_array     0x0000000008001458        0x4
                0x0000000008001458                PROVIDE (__fini_array_start, .)
 *(SORT(.fini_array.*))
 *(.fini_array*)
 .fini_array    0x0000000008001458        0x4 /usr/lib/gcc/arm-none-eabi/6.3.1/thumb/v7e-m/crtbegin.o
                0x000000000800145c                PROVIDE (__fini_array_end, .)
                0x000000000800145c                _sidata = LOADADDR (.data)

.data           0x0000000020000000      0x43c load address 0x000000000800145c
                0x0000000020000000                . = ALIGN (0x4)
                0x0000000020000000                _sdata = .
 *(.data)
 .data          0x0000000020000000      0x430 /usr/lib/gcc/arm-none-eabi/6.3.1/../../../arm-none-eabi/lib/thumb/v7e-m/libg.a(lib_a-impure.o)
                0x0000000020000000                _impure_ptr
 *(.data*)
 .data.SystemCoreClock
                0x0000000020000430        0x4 bin/system_stm32f4xx.o
                0x0000000020000430                SystemCoreClock
 .data.uwTickFreq
                0x0000000020000434        0x1 bin/stm32f4xx_hal.o
                0x0000000020000434                uwTickFreq
 *fill*         0x0000000020000435        0x3 
 .data.uwTickPrio
                0x0000000020000438        0x4 bin/stm32f4xx_hal.o
                0x0000000020000438                uwTickPrio
                0x000000002000043c                . = ALIGN (0x4)
                0x000000002000043c                _edata = .

.jcr            0x000000002000043c        0x0 load address 0x0000000008001898
 .jcr           0x000000002000043c        0x0 /usr/lib/gcc/arm-none-eabi/6.3.1/thumb/v7e-m/crtbegin.o

.tm_clone_table
                0x000000002000043c        0x0 load address 0x0000000008001898
 .tm_clone_table
                0x000000002000043c        0x0 /usr/lib/gcc/arm-none-eabi/6.3.1/thumb/v7e-m/crtbegin.o
 .tm_clone_table
                0x000000002000043c        0x0 /usr/lib/gcc/arm-none-eabi/6.3.1/thumb/v7e-m/crtend.o

.igot.plt       0x000000002000043c        0x0 load address 0x0000000008001898
 .igot.plt      0x000000002000043c        0x0 /usr/lib/gcc/arm-none-eabi/6.3.1/thumb/v7e-m/crtbegin.o
                0x000000002000043c                . = ALIGN (0x4)

.bss            0x000000002000043c       0x20 load address 0x0000000008001898
                0x000000002000043c                _sbss = .
                0x000000002000043c                __bss_start__ = _sbss
 *(.bss)
 .bss           0x000000002000043c       0x1c /usr/lib/gcc/arm-none-eabi/6.3.1/thumb/v7e-m/crtbegin.o
 *(.bss*)
 *(COMMON)
 COMMON         0x0000000020000458        0x4 bin/stm32f4xx_hal.o
                0x0000000020000458                uwTick
                0x000000002000045c                . = ALIGN (0x4)
                0x000000002000045c                _ebss = .
                0x000000002000045c                __bss_end__ = _ebss

._user_heap_stack
                0x000000002000045c     0x6004 load address 0x0000000008001898
                0x0000000020000460                . = ALIGN (0x8)
 *fill*         0x000000002000045c        0x4 
                [!provide]                        PROVIDE (end, .)
                [!provide]                        PROVIDE (_end, .)
                0x0000000020002460                . = (. + _Min_Heap_Size)
 *fill*         0x0000000020000460     0x2000 
                0x0000000020006460                . = (. + _Min_Stack_Size)
 *fill*         0x0000000020002460     0x4000 
                0x0000000020006460                . = ALIGN (0x8)

/DISCARD/
 libc.a(*)
 libm.a(*)
 libgcc.a(*)

.ARM.attributes
                0x0000000000000000       0x2a
 *(.ARM.attributes)
 .ARM.attributes
                0x0000000000000000       0x1e /usr/lib/gcc/arm-none-eabi/6.3.1/thumb/v7e-m/crti.o
 .ARM.attributes
                0x000000000000001e       0x2e /usr/lib/gcc/arm-none-eabi/6.3.1/thumb/v7e-m/crtbegin.o
 .ARM.attributes
                0x000000000000004c       0x21 bin/startup_stm32f413xx.o
 .ARM.attributes
                0x000000000000006d       0x33 bin/gpio.o
 .ARM.attributes
                0x00000000000000a0       0x33 bin/main.o
 .ARM.attributes
                0x00000000000000d3       0x33 bin/system_stm32f4xx.o
 .ARM.attributes
                0x0000000000000106       0x33 bin/stm32f4xx_hal_cortex.o
 .ARM.attributes
                0x0000000000000139       0x33 bin/stm32f4xx_hal_rcc_ex.o
 .ARM.attributes
                0x000000000000016c       0x33 bin/stm32f4xx_hal_gpio.o
 .ARM.attributes
                0x000000000000019f       0x33 bin/stm32f4xx_hal_rcc.o
 .ARM.attributes
                0x00000000000001d2       0x33 bin/stm32f4xx_hal.o
 .ARM.attributes
                0x0000000000000205       0x1e /usr/lib/gcc/arm-none-eabi/6.3.1/thumb/v7e-m/libgcc.a(_aeabi_uldivmod.o)
 .ARM.attributes
                0x0000000000000223       0x2e /usr/lib/gcc/arm-none-eabi/6.3.1/thumb/v7e-m/libgcc.a(_udivmoddi4.o)
 .ARM.attributes
                0x0000000000000251       0x1e /usr/lib/gcc/arm-none-eabi/6.3.1/thumb/v7e-m/libgcc.a(_dvmd_tls.o)
 .ARM.attributes
                0x000000000000026f       0x2e /usr/lib/gcc/arm-none-eabi/6.3.1/../../../arm-none-eabi/lib/thumb/v7e-m/libg.a(lib_a-atexit.o)
 .ARM.attributes
                0x000000000000029d       0x2e /usr/lib/gcc/arm-none-eabi/6.3.1/../../../arm-none-eabi/lib/thumb/v7e-m/libg.a(lib_a-fini.o)
 .ARM.attributes
                0x00000000000002cb       0x2e /usr/lib/gcc/arm-none-eabi/6.3.1/../../../arm-none-eabi/lib/thumb/v7e-m/libg.a(lib_a-impure.o)
 .ARM.attributes
                0x00000000000002f9       0x2e /usr/lib/gcc/arm-none-eabi/6.3.1/../../../arm-none-eabi/lib/thumb/v7e-m/libg.a(lib_a-init.o)
 .ARM.attributes
                0x0000000000000327       0x2e /usr/lib/gcc/arm-none-eabi/6.3.1/../../../arm-none-eabi/lib/thumb/v7e-m/libg.a(lib_a-__atexit.o)
 .ARM.attributes
                0x0000000000000355       0x2e /usr/lib/gcc/arm-none-eabi/6.3.1/../../../arm-none-eabi/lib/thumb/v7e-m/libg.a(lib_a-__call_atexit.o)
 .ARM.attributes
                0x0000000000000383       0x2e /usr/lib/gcc/arm-none-eabi/6.3.1/thumb/v7e-m/crtend.o
 .ARM.attributes
                0x00000000000003b1       0x1e /usr/lib/gcc/arm-none-eabi/6.3.1/thumb/v7e-m/crtn.o
OUTPUT(bin/6.332MotorController.elf elf32-littlearm)

.comment        0x0000000000000000       0x88
 .comment       0x0000000000000000       0x31 /usr/lib/gcc/arm-none-eabi/6.3.1/thumb/v7e-m/crtbegin.o
                                         0x32 (size before relaxing)
 .comment       0x0000000000000031       0x32 bin/gpio.o
 .comment       0x0000000000000031       0x32 bin/main.o
 .comment       0x0000000000000031       0x32 bin/system_stm32f4xx.o
 .comment       0x0000000000000031       0x32 bin/stm32f4xx_hal_cortex.o
 .comment       0x0000000000000031       0x32 bin/stm32f4xx_hal_rcc_ex.o
 .comment       0x0000000000000031       0x32 bin/stm32f4xx_hal_gpio.o
 .comment       0x0000000000000031       0x32 bin/stm32f4xx_hal_rcc.o
 .comment       0x0000000000000031       0x32 bin/stm32f4xx_hal.o
 .comment       0x0000000000000031       0x32 /usr/lib/gcc/arm-none-eabi/6.3.1/thumb/v7e-m/libgcc.a(_udivmoddi4.o)
 .comment       0x0000000000000031       0x57 /usr/lib/gcc/arm-none-eabi/6.3.1/../../../arm-none-eabi/lib/thumb/v7e-m/libg.a(lib_a-atexit.o)
                                         0x58 (size before relaxing)
 .comment       0x0000000000000088       0x58 /usr/lib/gcc/arm-none-eabi/6.3.1/../../../arm-none-eabi/lib/thumb/v7e-m/libg.a(lib_a-fini.o)
 .comment       0x0000000000000088       0x58 /usr/lib/gcc/arm-none-eabi/6.3.1/../../../arm-none-eabi/lib/thumb/v7e-m/libg.a(lib_a-impure.o)
 .comment       0x0000000000000088       0x58 /usr/lib/gcc/arm-none-eabi/6.3.1/../../../arm-none-eabi/lib/thumb/v7e-m/libg.a(lib_a-init.o)
 .comment       0x0000000000000088       0x58 /usr/lib/gcc/arm-none-eabi/6.3.1/../../../arm-none-eabi/lib/thumb/v7e-m/libg.a(lib_a-__atexit.o)
 .comment       0x0000000000000088       0x58 /usr/lib/gcc/arm-none-eabi/6.3.1/../../../arm-none-eabi/lib/thumb/v7e-m/libg.a(lib_a-__call_atexit.o)
 .comment       0x0000000000000088       0x32 /usr/lib/gcc/arm-none-eabi/6.3.1/thumb/v7e-m/crtend.o

.debug_line     0x0000000000000000     0x39d7
 .debug_line    0x0000000000000000       0x9a bin/startup_stm32f413xx.o
 .debug_line    0x000000000000009a      0x4b8 bin/gpio.o
 .debug_line    0x0000000000000552      0x51b bin/main.o
 .debug_line    0x0000000000000a6d      0x21b bin/system_stm32f4xx.o
 .debug_line    0x0000000000000c88      0x6e8 bin/stm32f4xx_hal_cortex.o
 .debug_line    0x0000000000001370      0x84c bin/stm32f4xx_hal_rcc_ex.o
 .debug_line    0x0000000000001bbc      0x67b bin/stm32f4xx_hal_gpio.o
 .debug_line    0x0000000000002237      0x74d bin/stm32f4xx_hal_rcc.o
 .debug_line    0x0000000000002984      0x683 bin/stm32f4xx_hal.o
 .debug_line    0x0000000000003007       0x61 /usr/lib/gcc/arm-none-eabi/6.3.1/thumb/v7e-m/libgcc.a(_aeabi_uldivmod.o)
 .debug_line    0x0000000000003068      0x240 /usr/lib/gcc/arm-none-eabi/6.3.1/thumb/v7e-m/libgcc.a(_udivmoddi4.o)
 .debug_line    0x00000000000032a8       0x61 /usr/lib/gcc/arm-none-eabi/6.3.1/thumb/v7e-m/libgcc.a(_dvmd_tls.o)
 .debug_line    0x0000000000003309      0x151 /usr/lib/gcc/arm-none-eabi/6.3.1/../../../arm-none-eabi/lib/thumb/v7e-m/libg.a(lib_a-atexit.o)
 .debug_line    0x000000000000345a       0x9f /usr/lib/gcc/arm-none-eabi/6.3.1/../../../arm-none-eabi/lib/thumb/v7e-m/libg.a(lib_a-fini.o)
 .debug_line    0x00000000000034f9       0xe9 /usr/lib/gcc/arm-none-eabi/6.3.1/../../../arm-none-eabi/lib/thumb/v7e-m/libg.a(lib_a-impure.o)
 .debug_line    0x00000000000035e2       0xb9 /usr/lib/gcc/arm-none-eabi/6.3.1/../../../arm-none-eabi/lib/thumb/v7e-m/libg.a(lib_a-init.o)
 .debug_line    0x000000000000369b      0x184 /usr/lib/gcc/arm-none-eabi/6.3.1/../../../arm-none-eabi/lib/thumb/v7e-m/libg.a(lib_a-__atexit.o)
 .debug_line    0x000000000000381f      0x1b8 /usr/lib/gcc/arm-none-eabi/6.3.1/../../../arm-none-eabi/lib/thumb/v7e-m/libg.a(lib_a-__call_atexit.o)

.debug_info     0x0000000000000000     0xb931
 .debug_info    0x0000000000000000       0xa4 bin/startup_stm32f413xx.o
 .debug_info    0x00000000000000a4      0xcbb bin/gpio.o
 .debug_info    0x0000000000000d5f     0x1362 bin/main.o
 .debug_info    0x00000000000020c1      0x53b bin/system_stm32f4xx.o
 .debug_info    0x00000000000025fc     0x1794 bin/stm32f4xx_hal_cortex.o
 .debug_info    0x0000000000003d90     0x122e bin/stm32f4xx_hal_rcc_ex.o
 .debug_info    0x0000000000004fbe      0xff2 bin/stm32f4xx_hal_gpio.o
 .debug_info    0x0000000000005fb0     0x12ab bin/stm32f4xx_hal_rcc.o
 .debug_info    0x000000000000725b     0x1270 bin/stm32f4xx_hal.o
 .debug_info    0x00000000000084cb       0xbc /usr/lib/gcc/arm-none-eabi/6.3.1/thumb/v7e-m/libgcc.a(_aeabi_uldivmod.o)
 .debug_info    0x0000000000008587      0xc24 /usr/lib/gcc/arm-none-eabi/6.3.1/thumb/v7e-m/libgcc.a(_udivmoddi4.o)
 .debug_info    0x00000000000091ab       0xc0 /usr/lib/gcc/arm-none-eabi/6.3.1/thumb/v7e-m/libgcc.a(_dvmd_tls.o)
 .debug_info    0x000000000000926b      0x90c /usr/lib/gcc/arm-none-eabi/6.3.1/../../../arm-none-eabi/lib/thumb/v7e-m/libg.a(lib_a-atexit.o)
 .debug_info    0x0000000000009b77       0xf3 /usr/lib/gcc/arm-none-eabi/6.3.1/../../../arm-none-eabi/lib/thumb/v7e-m/libg.a(lib_a-fini.o)
 .debug_info    0x0000000000009c6a      0x8a9 /usr/lib/gcc/arm-none-eabi/6.3.1/../../../arm-none-eabi/lib/thumb/v7e-m/libg.a(lib_a-impure.o)
 .debug_info    0x000000000000a513      0x109 /usr/lib/gcc/arm-none-eabi/6.3.1/../../../arm-none-eabi/lib/thumb/v7e-m/libg.a(lib_a-init.o)
 .debug_info    0x000000000000a61c      0x955 /usr/lib/gcc/arm-none-eabi/6.3.1/../../../arm-none-eabi/lib/thumb/v7e-m/libg.a(lib_a-__atexit.o)
 .debug_info    0x000000000000af71      0x9c0 /usr/lib/gcc/arm-none-eabi/6.3.1/../../../arm-none-eabi/lib/thumb/v7e-m/libg.a(lib_a-__call_atexit.o)

.debug_abbrev   0x0000000000000000     0x211c
 .debug_abbrev  0x0000000000000000       0x12 bin/startup_stm32f413xx.o
 .debug_abbrev  0x0000000000000012      0x227 bin/gpio.o
 .debug_abbrev  0x0000000000000239      0x2b3 bin/main.o
 .debug_abbrev  0x00000000000004ec      0x111 bin/system_stm32f4xx.o
 .debug_abbrev  0x00000000000005fd      0x3c5 bin/stm32f4xx_hal_cortex.o
 .debug_abbrev  0x00000000000009c2      0x284 bin/stm32f4xx_hal_rcc_ex.o
 .debug_abbrev  0x0000000000000c46      0x2a3 bin/stm32f4xx_hal_gpio.o
 .debug_abbrev  0x0000000000000ee9      0x38e bin/stm32f4xx_hal_rcc.o
 .debug_abbrev  0x0000000000001277      0x343 bin/stm32f4xx_hal.o
 .debug_abbrev  0x00000000000015ba       0x14 /usr/lib/gcc/arm-none-eabi/6.3.1/thumb/v7e-m/libgcc.a(_aeabi_uldivmod.o)
 .debug_abbrev  0x00000000000015ce      0x18c /usr/lib/gcc/arm-none-eabi/6.3.1/thumb/v7e-m/libgcc.a(_udivmoddi4.o)
 .debug_abbrev  0x000000000000175a       0x14 /usr/lib/gcc/arm-none-eabi/6.3.1/thumb/v7e-m/libgcc.a(_dvmd_tls.o)
 .debug_abbrev  0x000000000000176e      0x201 /usr/lib/gcc/arm-none-eabi/6.3.1/../../../arm-none-eabi/lib/thumb/v7e-m/libg.a(lib_a-atexit.o)
 .debug_abbrev  0x000000000000196f       0xbd /usr/lib/gcc/arm-none-eabi/6.3.1/../../../arm-none-eabi/lib/thumb/v7e-m/libg.a(lib_a-fini.o)
 .debug_abbrev  0x0000000000001a2c      0x192 /usr/lib/gcc/arm-none-eabi/6.3.1/../../../arm-none-eabi/lib/thumb/v7e-m/libg.a(lib_a-impure.o)
 .debug_abbrev  0x0000000000001bbe       0xba /usr/lib/gcc/arm-none-eabi/6.3.1/../../../arm-none-eabi/lib/thumb/v7e-m/libg.a(lib_a-init.o)
 .debug_abbrev  0x0000000000001c78      0x22b /usr/lib/gcc/arm-none-eabi/6.3.1/../../../arm-none-eabi/lib/thumb/v7e-m/libg.a(lib_a-__atexit.o)
 .debug_abbrev  0x0000000000001ea3      0x279 /usr/lib/gcc/arm-none-eabi/6.3.1/../../../arm-none-eabi/lib/thumb/v7e-m/libg.a(lib_a-__call_atexit.o)

.debug_aranges  0x0000000000000000      0x488
 .debug_aranges
                0x0000000000000000       0x28 bin/startup_stm32f413xx.o
 .debug_aranges
                0x0000000000000028       0x20 bin/gpio.o
 .debug_aranges
                0x0000000000000048       0x38 bin/main.o
 .debug_aranges
                0x0000000000000080       0x28 bin/system_stm32f4xx.o
 .debug_aranges
                0x00000000000000a8       0xa8 bin/stm32f4xx_hal_cortex.o
 .debug_aranges
                0x0000000000000150       0x60 bin/stm32f4xx_hal_rcc_ex.o
 .debug_aranges
                0x00000000000001b0       0x58 bin/stm32f4xx_hal_gpio.o
 .debug_aranges
                0x0000000000000208       0x88 bin/stm32f4xx_hal_rcc.o
 .debug_aranges
                0x0000000000000290       0xd8 bin/stm32f4xx_hal.o
 .debug_aranges
                0x0000000000000368       0x20 /usr/lib/gcc/arm-none-eabi/6.3.1/thumb/v7e-m/libgcc.a(_aeabi_uldivmod.o)
 .debug_aranges
                0x0000000000000388       0x20 /usr/lib/gcc/arm-none-eabi/6.3.1/thumb/v7e-m/libgcc.a(_udivmoddi4.o)
 .debug_aranges
                0x00000000000003a8       0x20 /usr/lib/gcc/arm-none-eabi/6.3.1/thumb/v7e-m/libgcc.a(_dvmd_tls.o)
 .debug_aranges
                0x00000000000003c8       0x20 /usr/lib/gcc/arm-none-eabi/6.3.1/../../../arm-none-eabi/lib/thumb/v7e-m/libg.a(lib_a-atexit.o)
 .debug_aranges
                0x00000000000003e8       0x20 /usr/lib/gcc/arm-none-eabi/6.3.1/../../../arm-none-eabi/lib/thumb/v7e-m/libg.a(lib_a-fini.o)
 .debug_aranges
                0x0000000000000408       0x18 /usr/lib/gcc/arm-none-eabi/6.3.1/../../../arm-none-eabi/lib/thumb/v7e-m/libg.a(lib_a-impure.o)
 .debug_aranges
                0x0000000000000420       0x20 /usr/lib/gcc/arm-none-eabi/6.3.1/../../../arm-none-eabi/lib/thumb/v7e-m/libg.a(lib_a-init.o)
 .debug_aranges
                0x0000000000000440       0x20 /usr/lib/gcc/arm-none-eabi/6.3.1/../../../arm-none-eabi/lib/thumb/v7e-m/libg.a(lib_a-__atexit.o)
 .debug_aranges
                0x0000000000000460       0x28 /usr/lib/gcc/arm-none-eabi/6.3.1/../../../arm-none-eabi/lib/thumb/v7e-m/libg.a(lib_a-__call_atexit.o)

.debug_ranges   0x0000000000000000      0x520
 .debug_ranges  0x0000000000000000       0x20 bin/startup_stm32f413xx.o
 .debug_ranges  0x0000000000000020       0x30 bin/gpio.o
 .debug_ranges  0x0000000000000050       0x28 bin/main.o
 .debug_ranges  0x0000000000000078       0x18 bin/system_stm32f4xx.o
 .debug_ranges  0x0000000000000090      0x138 bin/stm32f4xx_hal_cortex.o
 .debug_ranges  0x00000000000001c8       0x68 bin/stm32f4xx_hal_rcc_ex.o
 .debug_ranges  0x0000000000000230       0x68 bin/stm32f4xx_hal_gpio.o
 .debug_ranges  0x0000000000000298       0xb0 bin/stm32f4xx_hal_rcc.o
 .debug_ranges  0x0000000000000348       0xc8 bin/stm32f4xx_hal.o
 .debug_ranges  0x0000000000000410       0xd0 /usr/lib/gcc/arm-none-eabi/6.3.1/thumb/v7e-m/libgcc.a(_udivmoddi4.o)
 .debug_ranges  0x00000000000004e0       0x40 /usr/lib/gcc/arm-none-eabi/6.3.1/../../../arm-none-eabi/lib/thumb/v7e-m/libg.a(lib_a-__call_atexit.o)

.debug_macro    0x0000000000000000    0x1e9af
 .debug_macro   0x0000000000000000      0x2e8 bin/gpio.o
 .debug_macro   0x00000000000002e8      0x8c8 bin/gpio.o
 .debug_macro   0x0000000000000bb0      0x1a5 bin/gpio.o
 .debug_macro   0x0000000000000d55       0x32 bin/gpio.o
 .debug_macro   0x0000000000000d87       0x28 bin/gpio.o
 .debug_macro   0x0000000000000daf       0x22 bin/gpio.o
 .debug_macro   0x0000000000000dd1       0x8e bin/gpio.o
 .debug_macro   0x0000000000000e5f       0x51 bin/gpio.o
 .debug_macro   0x0000000000000eb0       0xef bin/gpio.o
 .debug_macro   0x0000000000000f9f       0x6a bin/gpio.o
 .debug_macro   0x0000000000001009      0x1df bin/gpio.o
 .debug_macro   0x00000000000011e8       0x35 bin/gpio.o
 .debug_macro   0x000000000000121d       0x50 bin/gpio.o
 .debug_macro   0x000000000000126d      0xe66 bin/gpio.o
 .debug_macro   0x00000000000020d3    0x14ff6 bin/gpio.o
 .debug_macro   0x00000000000170c9       0x43 bin/gpio.o
 .debug_macro   0x000000000001710c     0x3535 bin/gpio.o
 .debug_macro   0x000000000001a641       0x52 bin/gpio.o
 .debug_macro   0x000000000001a693       0x18 bin/gpio.o
 .debug_macro   0x000000000001a6ab       0x35 bin/gpio.o
 .debug_macro   0x000000000001a6e0       0x34 bin/gpio.o
 .debug_macro   0x000000000001a714       0x16 bin/gpio.o
 .debug_macro   0x000000000001a72a       0x97 bin/gpio.o
 .debug_macro   0x000000000001a7c1      0x35c bin/gpio.o
 .debug_macro   0x000000000001ab1d       0xf6 bin/gpio.o
 .debug_macro   0x000000000001ac13       0x10 bin/gpio.o
 .debug_macro   0x000000000001ac23       0x52 bin/gpio.o
 .debug_macro   0x000000000001ac75       0x1f bin/gpio.o
 .debug_macro   0x000000000001ac94       0x43 bin/gpio.o
 .debug_macro   0x000000000001acd7       0x20 bin/gpio.o
 .debug_macro   0x000000000001acf7      0x18e bin/gpio.o
 .debug_macro   0x000000000001ae85       0x10 bin/gpio.o
 .debug_macro   0x000000000001ae95       0x1c bin/gpio.o
 .debug_macro   0x000000000001aeb1       0x52 bin/gpio.o
 .debug_macro   0x000000000001af03       0x40 bin/gpio.o
 .debug_macro   0x000000000001af43       0x10 bin/gpio.o
 .debug_macro   0x000000000001af53       0x40 bin/gpio.o
 .debug_macro   0x000000000001af93       0xd7 bin/gpio.o
 .debug_macro   0x000000000001b06a       0x1c bin/gpio.o
 .debug_macro   0x000000000001b086       0x3d bin/gpio.o
 .debug_macro   0x000000000001b0c3       0x16 bin/gpio.o
 .debug_macro   0x000000000001b0d9      0x16f bin/gpio.o
 .debug_macro   0x000000000001b248       0x57 bin/gpio.o
 .debug_macro   0x000000000001b29f      0xcdd bin/gpio.o
 .debug_macro   0x000000000001bf7c      0xa02 bin/gpio.o
 .debug_macro   0x000000000001c97e      0x11e bin/gpio.o
 .debug_macro   0x000000000001ca9c      0x202 bin/gpio.o
 .debug_macro   0x000000000001cc9e       0x27 bin/gpio.o
 .debug_macro   0x000000000001ccc5      0x23a bin/gpio.o
 .debug_macro   0x000000000001ceff      0x13a bin/gpio.o
 .debug_macro   0x000000000001d039      0x30c bin/gpio.o
 .debug_macro   0x000000000001d345       0x2e bin/gpio.o
 .debug_macro   0x000000000001d373      0x11e bin/gpio.o
 .debug_macro   0x000000000001d491       0x91 bin/gpio.o
 .debug_macro   0x000000000001d522       0x89 bin/gpio.o
 .debug_macro   0x000000000001d5ab      0x13b bin/gpio.o
 .debug_macro   0x000000000001d6e6       0x10 bin/gpio.o
 .debug_macro   0x000000000001d6f6      0x2f8 bin/main.o
 .debug_macro   0x000000000001d9ee       0xdc bin/system_stm32f4xx.o
 .debug_macro   0x000000000001daca      0x2d5 bin/stm32f4xx_hal_cortex.o
 .debug_macro   0x000000000001dd9f      0x2d5 bin/stm32f4xx_hal_rcc_ex.o
 .debug_macro   0x000000000001e074      0x30d bin/stm32f4xx_hal_gpio.o
 .debug_macro   0x000000000001e381      0x2f9 bin/stm32f4xx_hal_rcc.o
 .debug_macro   0x000000000001e67a      0x335 bin/stm32f4xx_hal.o

.debug_str      0x0000000000000000    0xb7832
 .debug_str     0x0000000000000000    0xb4f8a bin/gpio.o
                                      0xb5291 (size before relaxing)
 .debug_str     0x00000000000b4f8a      0x992 bin/main.o
                                      0xb5c27 (size before relaxing)
 .debug_str     0x00000000000b591c       0xfa bin/system_stm32f4xx.o
                                      0x80bdb (size before relaxing)
 .debug_str     0x00000000000b5a16      0x381 bin/stm32f4xx_hal_cortex.o
                                      0xb5b80 (size before relaxing)
 .debug_str     0x00000000000b5d97      0x18e bin/stm32f4xx_hal_rcc_ex.o
                                      0xb55f5 (size before relaxing)
 .debug_str     0x00000000000b5f25      0x1da bin/stm32f4xx_hal_gpio.o
                                      0xb5494 (size before relaxing)
 .debug_str     0x00000000000b60ff      0x1f2 bin/stm32f4xx_hal_rcc.o
                                      0xb5654 (size before relaxing)
 .debug_str     0x00000000000b62f1      0x55a bin/stm32f4xx_hal.o
                                      0xb5e62 (size before relaxing)
 .debug_str     0x00000000000b684b      0xbd0 /usr/lib/gcc/arm-none-eabi/6.3.1/thumb/v7e-m/libgcc.a(_udivmoddi4.o)
                                        0xcbe (size before relaxing)
 .debug_str     0x00000000000b741b      0x16a /usr/lib/gcc/arm-none-eabi/6.3.1/../../../arm-none-eabi/lib/thumb/v7e-m/libg.a(lib_a-atexit.o)
                                        0x5e5 (size before relaxing)
 .debug_str     0x00000000000b7585       0xbf /usr/lib/gcc/arm-none-eabi/6.3.1/../../../arm-none-eabi/lib/thumb/v7e-m/libg.a(lib_a-fini.o)
                                        0x1f4 (size before relaxing)
 .debug_str     0x00000000000b7644       0x99 /usr/lib/gcc/arm-none-eabi/6.3.1/../../../arm-none-eabi/lib/thumb/v7e-m/libg.a(lib_a-impure.o)
                                        0x59a (size before relaxing)
 .debug_str     0x00000000000b76dd       0x93 /usr/lib/gcc/arm-none-eabi/6.3.1/../../../arm-none-eabi/lib/thumb/v7e-m/libg.a(lib_a-init.o)
                                        0x21e (size before relaxing)
 .debug_str     0x00000000000b7770       0x4c /usr/lib/gcc/arm-none-eabi/6.3.1/../../../arm-none-eabi/lib/thumb/v7e-m/libg.a(lib_a-__atexit.o)
                                        0x60a (size before relaxing)
 .debug_str     0x00000000000b77bc       0x76 /usr/lib/gcc/arm-none-eabi/6.3.1/../../../arm-none-eabi/lib/thumb/v7e-m/libg.a(lib_a-__call_atexit.o)
                                        0x61b (size before relaxing)

.debug_frame    0x0000000000000000      0x8fc
 .debug_frame   0x0000000000000000       0x34 bin/gpio.o
 .debug_frame   0x0000000000000034       0x84 bin/main.o
 .debug_frame   0x00000000000000b8       0x3c bin/system_stm32f4xx.o
 .debug_frame   0x00000000000000f4      0x164 bin/stm32f4xx_hal_cortex.o
 .debug_frame   0x0000000000000258      0x114 bin/stm32f4xx_hal_rcc_ex.o
 .debug_frame   0x000000000000036c       0xf0 bin/stm32f4xx_hal_gpio.o
 .debug_frame   0x000000000000045c      0x158 bin/stm32f4xx_hal_rcc.o
 .debug_frame   0x00000000000005b4      0x1e4 bin/stm32f4xx_hal.o
 .debug_frame   0x0000000000000798       0x2c /usr/lib/gcc/arm-none-eabi/6.3.1/thumb/v7e-m/libgcc.a(_aeabi_uldivmod.o)
 .debug_frame   0x00000000000007c4       0x34 /usr/lib/gcc/arm-none-eabi/6.3.1/thumb/v7e-m/libgcc.a(_udivmoddi4.o)
 .debug_frame   0x00000000000007f8       0x20 /usr/lib/gcc/arm-none-eabi/6.3.1/../../../arm-none-eabi/lib/thumb/v7e-m/libg.a(lib_a-atexit.o)
 .debug_frame   0x0000000000000818       0x34 /usr/lib/gcc/arm-none-eabi/6.3.1/../../../arm-none-eabi/lib/thumb/v7e-m/libg.a(lib_a-fini.o)
 .debug_frame   0x000000000000084c       0x2c /usr/lib/gcc/arm-none-eabi/6.3.1/../../../arm-none-eabi/lib/thumb/v7e-m/libg.a(lib_a-init.o)
 .debug_frame   0x0000000000000878       0x34 /usr/lib/gcc/arm-none-eabi/6.3.1/../../../arm-none-eabi/lib/thumb/v7e-m/libg.a(lib_a-__atexit.o)
 .debug_frame   0x00000000000008ac       0x50 /usr/lib/gcc/arm-none-eabi/6.3.1/../../../arm-none-eabi/lib/thumb/v7e-m/libg.a(lib_a-__call_atexit.o)

.debug_loc      0x0000000000000000     0x25d9
 .debug_loc     0x0000000000000000      0x11c bin/system_stm32f4xx.o
 .debug_loc     0x000000000000011c      0x4fb bin/stm32f4xx_hal_cortex.o
 .debug_loc     0x0000000000000617      0x604 bin/stm32f4xx_hal_rcc_ex.o
 .debug_loc     0x0000000000000c1b      0x3cd bin/stm32f4xx_hal_gpio.o
 .debug_loc     0x0000000000000fe8      0x336 bin/stm32f4xx_hal_rcc.o
 .debug_loc     0x000000000000131e      0x11b bin/stm32f4xx_hal.o
 .debug_loc     0x0000000000001439      0xd77 /usr/lib/gcc/arm-none-eabi/6.3.1/thumb/v7e-m/libgcc.a(_udivmoddi4.o)
 .debug_loc     0x00000000000021b0       0x2c /usr/lib/gcc/arm-none-eabi/6.3.1/../../../arm-none-eabi/lib/thumb/v7e-m/libg.a(lib_a-atexit.o)
 .debug_loc     0x00000000000021dc       0x5c /usr/lib/gcc/arm-none-eabi/6.3.1/../../../arm-none-eabi/lib/thumb/v7e-m/libg.a(lib_a-fini.o)
 .debug_loc     0x0000000000002238       0xa2 /usr/lib/gcc/arm-none-eabi/6.3.1/../../../arm-none-eabi/lib/thumb/v7e-m/libg.a(lib_a-init.o)
 .debug_loc     0x00000000000022da      0x151 /usr/lib/gcc/arm-none-eabi/6.3.1/../../../arm-none-eabi/lib/thumb/v7e-m/libg.a(lib_a-__atexit.o)
 .debug_loc     0x000000000000242b      0x1ae /usr/lib/gcc/arm-none-eabi/6.3.1/../../../arm-none-eabi/lib/thumb/v7e-m/libg.a(lib_a-__call_atexit.o)

Cross Reference Table

Symbol                                            File
ADC_IRQHandler                                    bin/startup_stm32f413xx.o
AHBPrescTable                                     bin/system_stm32f4xx.o
                                                  bin/stm32f4xx_hal_rcc.o
                                                  bin/stm32f4xx_ll_rcc.o
                                                  bin/stm32f4xx_ll_utils.o
APBPrescTable                                     bin/system_stm32f4xx.o
                                                  bin/stm32f4xx_hal_rcc.o
                                                  bin/stm32f4xx_ll_rcc.o
BusFault_Handler                                  bin/startup_stm32f413xx.o
CAN1_RX0_IRQHandler                               bin/startup_stm32f413xx.o
CAN1_RX1_IRQHandler                               bin/startup_stm32f413xx.o
CAN1_SCE_IRQHandler                               bin/startup_stm32f413xx.o
CAN1_TX_IRQHandler                                bin/startup_stm32f413xx.o
CAN2_RX0_IRQHandler                               bin/startup_stm32f413xx.o
CAN2_RX1_IRQHandler                               bin/startup_stm32f413xx.o
CAN2_SCE_IRQHandler                               bin/startup_stm32f413xx.o
CAN2_TX_IRQHandler                                bin/startup_stm32f413xx.o
CAN3_RX0_IRQHandler                               bin/startup_stm32f413xx.o
CAN3_RX1_IRQHandler                               bin/startup_stm32f413xx.o
CAN3_SCE_IRQHandler                               bin/startup_stm32f413xx.o
CAN3_TX_IRQHandler                                bin/startup_stm32f413xx.o
DFSDM1_FLT0_IRQHandler                            bin/startup_stm32f413xx.o
DFSDM1_FLT1_IRQHandler                            bin/startup_stm32f413xx.o
DFSDM2_FLT0_IRQHandler                            bin/startup_stm32f413xx.o
DFSDM2_FLT1_IRQHandler                            bin/startup_stm32f413xx.o
DFSDM2_FLT2_IRQHandler                            bin/startup_stm32f413xx.o
DFSDM2_FLT3_IRQHandler                            bin/startup_stm32f413xx.o
DMA1_Stream0_IRQHandler                           bin/startup_stm32f413xx.o
DMA1_Stream1_IRQHandler                           bin/startup_stm32f413xx.o
DMA1_Stream2_IRQHandler                           bin/startup_stm32f413xx.o
DMA1_Stream3_IRQHandler                           bin/startup_stm32f413xx.o
DMA1_Stream4_IRQHandler                           bin/startup_stm32f413xx.o
DMA1_Stream5_IRQHandler                           bin/startup_stm32f413xx.o
DMA1_Stream6_IRQHandler                           bin/startup_stm32f413xx.o
DMA1_Stream7_IRQHandler                           bin/startup_stm32f413xx.o
DMA2_Stream0_IRQHandler                           bin/startup_stm32f413xx.o
DMA2_Stream1_IRQHandler                           bin/startup_stm32f413xx.o
DMA2_Stream2_IRQHandler                           bin/startup_stm32f413xx.o
DMA2_Stream3_IRQHandler                           bin/startup_stm32f413xx.o
DMA2_Stream4_IRQHandler                           bin/startup_stm32f413xx.o
DMA2_Stream5_IRQHandler                           bin/startup_stm32f413xx.o
DMA2_Stream6_IRQHandler                           bin/startup_stm32f413xx.o
DMA2_Stream7_IRQHandler                           bin/startup_stm32f413xx.o
DebugMon_Handler                                  bin/startup_stm32f413xx.o
Default_Handler                                   bin/startup_stm32f413xx.o
EXTI0_IRQHandler                                  bin/startup_stm32f413xx.o
EXTI15_10_IRQHandler                              bin/startup_stm32f413xx.o
EXTI1_IRQHandler                                  bin/startup_stm32f413xx.o
EXTI2_IRQHandler                                  bin/startup_stm32f413xx.o
EXTI3_IRQHandler                                  bin/startup_stm32f413xx.o
EXTI4_IRQHandler                                  bin/startup_stm32f413xx.o
EXTI9_5_IRQHandler                                bin/startup_stm32f413xx.o
FLASH_Erase_Sector                                bin/stm32f4xx_hal_flash_ex.o
                                                  bin/stm32f4xx_hal_flash.o
FLASH_FlushCaches                                 bin/stm32f4xx_hal_flash_ex.o
                                                  bin/stm32f4xx_hal_flash.o
FLASH_IRQHandler                                  bin/startup_stm32f413xx.o
FLASH_WaitForLastOperation                        bin/stm32f4xx_hal_flash.o
                                                  bin/stm32f4xx_hal_flash_ex.o
FMPI2C1_ER_IRQHandler                             bin/startup_stm32f413xx.o
FMPI2C1_EV_IRQHandler                             bin/startup_stm32f413xx.o
FPU_IRQHandler                                    bin/startup_stm32f413xx.o
FSMC_IRQHandler                                   bin/startup_stm32f413xx.o
HAL_DBGMCU_DisableDBGSleepMode                    bin/stm32f4xx_hal.o
HAL_DBGMCU_DisableDBGStandbyMode                  bin/stm32f4xx_hal.o
HAL_DBGMCU_DisableDBGStopMode                     bin/stm32f4xx_hal.o
HAL_DBGMCU_EnableDBGSleepMode                     bin/stm32f4xx_hal.o
HAL_DBGMCU_EnableDBGStandbyMode                   bin/stm32f4xx_hal.o
HAL_DBGMCU_EnableDBGStopMode                      bin/stm32f4xx_hal.o
HAL_DeInit                                        bin/stm32f4xx_hal.o
HAL_Delay                                         bin/stm32f4xx_hal.o
                                                  bin/main.o
HAL_DisableCompensationCell                       bin/stm32f4xx_hal.o
HAL_EnableCompensationCell                        bin/stm32f4xx_hal.o
HAL_FLASHEx_AdvOBGetConfig                        bin/stm32f4xx_hal_flash_ex.o
HAL_FLASHEx_AdvOBProgram                          bin/stm32f4xx_hal_flash_ex.o
HAL_FLASHEx_Erase                                 bin/stm32f4xx_hal_flash_ex.o
HAL_FLASHEx_Erase_IT                              bin/stm32f4xx_hal_flash_ex.o
HAL_FLASHEx_OBGetConfig                           bin/stm32f4xx_hal_flash_ex.o
HAL_FLASHEx_OBProgram                             bin/stm32f4xx_hal_flash_ex.o
HAL_FLASHEx_OB_DeSelectPCROP                      bin/stm32f4xx_hal_flash_ex.o
HAL_FLASHEx_OB_SelectPCROP                        bin/stm32f4xx_hal_flash_ex.o
HAL_FLASH_EndOfOperationCallback                  bin/stm32f4xx_hal_flash.o
HAL_FLASH_GetError                                bin/stm32f4xx_hal_flash.o
HAL_FLASH_IRQHandler                              bin/stm32f4xx_hal_flash.o
HAL_FLASH_Lock                                    bin/stm32f4xx_hal_flash.o
HAL_FLASH_OB_Launch                               bin/stm32f4xx_hal_flash.o
HAL_FLASH_OB_Lock                                 bin/stm32f4xx_hal_flash.o
HAL_FLASH_OB_Unlock                               bin/stm32f4xx_hal_flash.o
HAL_FLASH_OperationErrorCallback                  bin/stm32f4xx_hal_flash.o
HAL_FLASH_Program                                 bin/stm32f4xx_hal_flash.o
HAL_FLASH_Program_IT                              bin/stm32f4xx_hal_flash.o
HAL_FLASH_Unlock                                  bin/stm32f4xx_hal_flash.o
HAL_GPIO_DeInit                                   bin/stm32f4xx_hal_gpio.o
HAL_GPIO_EXTI_Callback                            bin/stm32f4xx_hal_gpio.o
HAL_GPIO_EXTI_IRQHandler                          bin/stm32f4xx_hal_gpio.o
HAL_GPIO_Init                                     bin/stm32f4xx_hal_gpio.o
                                                  bin/stm32f4xx_hal_rcc.o
                                                  bin/gpio.o
HAL_GPIO_LockPin                                  bin/stm32f4xx_hal_gpio.o
HAL_GPIO_ReadPin                                  bin/stm32f4xx_hal_gpio.o
HAL_GPIO_TogglePin                                bin/stm32f4xx_hal_gpio.o
                                                  bin/main.o
HAL_GPIO_WritePin                                 bin/stm32f4xx_hal_gpio.o
                                                  bin/gpio.o
HAL_GetDEVID                                      bin/stm32f4xx_hal.o
HAL_GetHalVersion                                 bin/stm32f4xx_hal.o
HAL_GetREVID                                      bin/stm32f4xx_hal.o
HAL_GetTick                                       bin/stm32f4xx_hal.o
                                                  bin/stm32f4xx_hal_rcc.o
                                                  bin/stm32f4xx_hal_flash.o
                                                  bin/stm32f4xx_hal_rcc_ex.o
                                                  bin/stm32f4xx_hal_pwr_ex.o
HAL_GetTickFreq                                   bin/stm32f4xx_hal.o
HAL_GetTickPrio                                   bin/stm32f4xx_hal.o
HAL_GetUID                                        bin/stm32f4xx_hal.o
HAL_IncTick                                       bin/stm32f4xx_hal.o
                                                  bin/main.o
HAL_Init                                          bin/stm32f4xx_hal.o
                                                  bin/main.o
HAL_InitTick                                      bin/stm32f4xx_hal.o
                                                  bin/stm32f4xx_hal_rcc.o
                                                  bin/stm32f4xx_hal_rcc_ex.o
HAL_MPU_ConfigRegion                              bin/stm32f4xx_hal_cortex.o
HAL_MPU_Disable                                   bin/stm32f4xx_hal_cortex.o
HAL_MPU_Enable                                    bin/stm32f4xx_hal_cortex.o
HAL_MspDeInit                                     bin/stm32f4xx_hal.o
HAL_MspInit                                       bin/stm32f4xx_hal.o
HAL_NVIC_ClearPendingIRQ                          bin/stm32f4xx_hal_cortex.o
HAL_NVIC_DisableIRQ                               bin/stm32f4xx_hal_cortex.o
HAL_NVIC_EnableIRQ                                bin/stm32f4xx_hal_cortex.o
HAL_NVIC_GetActive                                bin/stm32f4xx_hal_cortex.o
HAL_NVIC_GetPendingIRQ                            bin/stm32f4xx_hal_cortex.o
HAL_NVIC_GetPriority                              bin/stm32f4xx_hal_cortex.o
HAL_NVIC_GetPriorityGrouping                      bin/stm32f4xx_hal_cortex.o
HAL_NVIC_SetPendingIRQ                            bin/stm32f4xx_hal_cortex.o
HAL_NVIC_SetPriority                              bin/stm32f4xx_hal_cortex.o
                                                  bin/stm32f4xx_hal.o
                                                  bin/main.o
HAL_NVIC_SetPriorityGrouping                      bin/stm32f4xx_hal_cortex.o
                                                  bin/stm32f4xx_hal.o
HAL_NVIC_SystemReset                              bin/stm32f4xx_hal_cortex.o
HAL_PWREx_ControlVoltageScaling                   bin/stm32f4xx_hal_pwr_ex.o
HAL_PWREx_DisableBkUpReg                          bin/stm32f4xx_hal_pwr_ex.o
HAL_PWREx_DisableFlashPowerDown                   bin/stm32f4xx_hal_pwr_ex.o
HAL_PWREx_DisableLowRegulatorLowVoltage           bin/stm32f4xx_hal_pwr_ex.o
HAL_PWREx_DisableMainRegulatorLowVoltage          bin/stm32f4xx_hal_pwr_ex.o
HAL_PWREx_EnableBkUpReg                           bin/stm32f4xx_hal_pwr_ex.o
HAL_PWREx_EnableFlashPowerDown                    bin/stm32f4xx_hal_pwr_ex.o
HAL_PWREx_EnableLowRegulatorLowVoltage            bin/stm32f4xx_hal_pwr_ex.o
HAL_PWREx_EnableMainRegulatorLowVoltage           bin/stm32f4xx_hal_pwr_ex.o
HAL_PWREx_GetVoltageRange                         bin/stm32f4xx_hal_pwr_ex.o
HAL_PWR_ConfigPVD                                 bin/stm32f4xx_hal_pwr.o
HAL_PWR_DeInit                                    bin/stm32f4xx_hal_pwr.o
HAL_PWR_DisableBkUpAccess                         bin/stm32f4xx_hal_pwr.o
HAL_PWR_DisablePVD                                bin/stm32f4xx_hal_pwr.o
HAL_PWR_DisableSEVOnPend                          bin/stm32f4xx_hal_pwr.o
HAL_PWR_DisableSleepOnExit                        bin/stm32f4xx_hal_pwr.o
HAL_PWR_DisableWakeUpPin                          bin/stm32f4xx_hal_pwr.o
HAL_PWR_EnableBkUpAccess                          bin/stm32f4xx_hal_pwr.o
HAL_PWR_EnablePVD                                 bin/stm32f4xx_hal_pwr.o
HAL_PWR_EnableSEVOnPend                           bin/stm32f4xx_hal_pwr.o
HAL_PWR_EnableSleepOnExit                         bin/stm32f4xx_hal_pwr.o
HAL_PWR_EnableWakeUpPin                           bin/stm32f4xx_hal_pwr.o
HAL_PWR_EnterSLEEPMode                            bin/stm32f4xx_hal_pwr.o
HAL_PWR_EnterSTANDBYMode                          bin/stm32f4xx_hal_pwr.o
HAL_PWR_EnterSTOPMode                             bin/stm32f4xx_hal_pwr.o
HAL_PWR_PVDCallback                               bin/stm32f4xx_hal_pwr.o
HAL_PWR_PVD_IRQHandler                            bin/stm32f4xx_hal_pwr.o
HAL_RCCEx_DisablePLLI2S                           bin/stm32f4xx_hal_rcc_ex.o
HAL_RCCEx_EnablePLLI2S                            bin/stm32f4xx_hal_rcc_ex.o
HAL_RCCEx_GetPeriphCLKConfig                      bin/stm32f4xx_hal_rcc_ex.o
HAL_RCCEx_GetPeriphCLKFreq                        bin/stm32f4xx_hal_rcc_ex.o
HAL_RCCEx_PeriphCLKConfig                         bin/stm32f4xx_hal_rcc_ex.o
                                                  bin/main.o
HAL_RCCEx_SelectLSEMode                           bin/stm32f4xx_hal_rcc_ex.o
HAL_RCC_CSSCallback                               bin/stm32f4xx_hal_rcc.o
HAL_RCC_ClockConfig                               bin/stm32f4xx_hal_rcc.o
                                                  bin/main.o
HAL_RCC_DeInit                                    bin/stm32f4xx_hal_rcc_ex.o
HAL_RCC_DisableCSS                                bin/stm32f4xx_hal_rcc.o
HAL_RCC_EnableCSS                                 bin/stm32f4xx_hal_rcc.o
HAL_RCC_GetClockConfig                            bin/stm32f4xx_hal_rcc.o
HAL_RCC_GetHCLKFreq                               bin/stm32f4xx_hal_rcc.o
                                                  bin/main.o
HAL_RCC_GetOscConfig                              bin/stm32f4xx_hal_rcc_ex.o
HAL_RCC_GetPCLK1Freq                              bin/stm32f4xx_hal_rcc.o
HAL_RCC_GetPCLK2Freq                              bin/stm32f4xx_hal_rcc.o
HAL_RCC_GetSysClockFreq                           bin/stm32f4xx_hal_rcc.o
HAL_RCC_MCOConfig                                 bin/stm32f4xx_hal_rcc.o
HAL_RCC_NMI_IRQHandler                            bin/stm32f4xx_hal_rcc.o
HAL_RCC_OscConfig                                 bin/stm32f4xx_hal_rcc_ex.o
                                                  bin/main.o
HAL_ResumeTick                                    bin/stm32f4xx_hal.o
HAL_SYSTICK_CLKSourceConfig                       bin/stm32f4xx_hal_cortex.o
                                                  bin/main.o
HAL_SYSTICK_Callback                              bin/stm32f4xx_hal_cortex.o
HAL_SYSTICK_Config                                bin/stm32f4xx_hal_cortex.o
                                                  bin/stm32f4xx_hal.o
                                                  bin/main.o
HAL_SYSTICK_IRQHandler                            bin/stm32f4xx_hal_cortex.o
                                                  bin/main.o
HAL_SetTickFreq                                   bin/stm32f4xx_hal.o
HAL_SuspendTick                                   bin/stm32f4xx_hal.o
HardFault_Handler                                 bin/startup_stm32f413xx.o
I2C1_ER_IRQHandler                                bin/startup_stm32f413xx.o
I2C1_EV_IRQHandler                                bin/startup_stm32f413xx.o
I2C2_ER_IRQHandler                                bin/startup_stm32f413xx.o
I2C2_EV_IRQHandler                                bin/startup_stm32f413xx.o
I2C3_ER_IRQHandler                                bin/startup_stm32f413xx.o
I2C3_EV_IRQHandler                                bin/startup_stm32f413xx.o
LL_ADC_CommonDeInit                               bin/stm32f4xx_ll_adc.o
LL_ADC_CommonInit                                 bin/stm32f4xx_ll_adc.o
LL_ADC_CommonStructInit                           bin/stm32f4xx_ll_adc.o
LL_ADC_DeInit                                     bin/stm32f4xx_ll_adc.o
LL_ADC_INJ_Init                                   bin/stm32f4xx_ll_adc.o
LL_ADC_INJ_StructInit                             bin/stm32f4xx_ll_adc.o
LL_ADC_Init                                       bin/stm32f4xx_ll_adc.o
LL_ADC_REG_Init                                   bin/stm32f4xx_ll_adc.o
LL_ADC_REG_StructInit                             bin/stm32f4xx_ll_adc.o
LL_ADC_StructInit                                 bin/stm32f4xx_ll_adc.o
LL_CRC_DeInit                                     bin/stm32f4xx_ll_crc.o
LL_DAC_DeInit                                     bin/stm32f4xx_ll_dac.o
LL_DAC_Init                                       bin/stm32f4xx_ll_dac.o
LL_DAC_StructInit                                 bin/stm32f4xx_ll_dac.o
LL_DMA_DeInit                                     bin/stm32f4xx_ll_dma.o
LL_DMA_Init                                       bin/stm32f4xx_ll_dma.o
LL_DMA_StructInit                                 bin/stm32f4xx_ll_dma.o
LL_EXTI_DeInit                                    bin/stm32f4xx_ll_exti.o
LL_EXTI_Init                                      bin/stm32f4xx_ll_exti.o
LL_EXTI_StructInit                                bin/stm32f4xx_ll_exti.o
LL_GPIO_DeInit                                    bin/stm32f4xx_ll_gpio.o
LL_GPIO_Init                                      bin/stm32f4xx_ll_gpio.o
LL_GPIO_StructInit                                bin/stm32f4xx_ll_gpio.o
LL_I2C_DeInit                                     bin/stm32f4xx_ll_i2c.o
LL_I2C_Init                                       bin/stm32f4xx_ll_i2c.o
LL_I2C_StructInit                                 bin/stm32f4xx_ll_i2c.o
LL_I2S_ConfigPrescaler                            bin/stm32f4xx_ll_spi.o
LL_I2S_DeInit                                     bin/stm32f4xx_ll_spi.o
LL_I2S_Init                                       bin/stm32f4xx_ll_spi.o
LL_I2S_InitFullDuplex                             bin/stm32f4xx_ll_spi.o
LL_I2S_StructInit                                 bin/stm32f4xx_ll_spi.o
LL_Init1msTick                                    bin/stm32f4xx_ll_utils.o
LL_LPTIM_DeInit                                   bin/stm32f4xx_ll_lptim.o
LL_LPTIM_Init                                     bin/stm32f4xx_ll_lptim.o
LL_LPTIM_StructInit                               bin/stm32f4xx_ll_lptim.o
LL_PLL_ConfigSystemClock_HSE                      bin/stm32f4xx_ll_utils.o
LL_PLL_ConfigSystemClock_HSI                      bin/stm32f4xx_ll_utils.o
LL_PWR_DeInit                                     bin/stm32f4xx_ll_pwr.o
LL_RCC_DeInit                                     bin/stm32f4xx_ll_rcc.o
LL_RCC_GetDFSDMAudioClockFreq                     bin/stm32f4xx_ll_rcc.o
LL_RCC_GetDFSDMClockFreq                          bin/stm32f4xx_ll_rcc.o
LL_RCC_GetFMPI2CClockFreq                         bin/stm32f4xx_ll_rcc.o
LL_RCC_GetI2SClockFreq                            bin/stm32f4xx_ll_rcc.o
                                                  bin/stm32f4xx_ll_spi.o
LL_RCC_GetLPTIMClockFreq                          bin/stm32f4xx_ll_rcc.o
LL_RCC_GetRNGClockFreq                            bin/stm32f4xx_ll_rcc.o
LL_RCC_GetSAIClockFreq                            bin/stm32f4xx_ll_rcc.o
LL_RCC_GetSDIOClockFreq                           bin/stm32f4xx_ll_rcc.o
LL_RCC_GetSystemClocksFreq                        bin/stm32f4xx_ll_rcc.o
                                                  bin/stm32f4xx_ll_usart.o
                                                  bin/stm32f4xx_ll_i2c.o
LL_RCC_GetUSBClockFreq                            bin/stm32f4xx_ll_rcc.o
LL_RNG_DeInit                                     bin/stm32f4xx_ll_rng.o
LL_RTC_ALMA_Init                                  bin/stm32f4xx_ll_rtc.o
LL_RTC_ALMA_StructInit                            bin/stm32f4xx_ll_rtc.o
LL_RTC_ALMB_Init                                  bin/stm32f4xx_ll_rtc.o
LL_RTC_ALMB_StructInit                            bin/stm32f4xx_ll_rtc.o
LL_RTC_DATE_Init                                  bin/stm32f4xx_ll_rtc.o
LL_RTC_DATE_StructInit                            bin/stm32f4xx_ll_rtc.o
LL_RTC_DeInit                                     bin/stm32f4xx_ll_rtc.o
LL_RTC_EnterInitMode                              bin/stm32f4xx_ll_rtc.o
LL_RTC_ExitInitMode                               bin/stm32f4xx_ll_rtc.o
LL_RTC_Init                                       bin/stm32f4xx_ll_rtc.o
LL_RTC_StructInit                                 bin/stm32f4xx_ll_rtc.o
LL_RTC_TIME_Init                                  bin/stm32f4xx_ll_rtc.o
LL_RTC_TIME_StructInit                            bin/stm32f4xx_ll_rtc.o
LL_RTC_WaitForSynchro                             bin/stm32f4xx_ll_rtc.o
LL_SPI_DeInit                                     bin/stm32f4xx_ll_spi.o
LL_SPI_Init                                       bin/stm32f4xx_ll_spi.o
LL_SPI_StructInit                                 bin/stm32f4xx_ll_spi.o
LL_SetSystemCoreClock                             bin/stm32f4xx_ll_utils.o
LL_TIM_BDTR_Init                                  bin/stm32f4xx_ll_tim.o
LL_TIM_BDTR_StructInit                            bin/stm32f4xx_ll_tim.o
LL_TIM_DeInit                                     bin/stm32f4xx_ll_tim.o
LL_TIM_ENCODER_Init                               bin/stm32f4xx_ll_tim.o
LL_TIM_ENCODER_StructInit                         bin/stm32f4xx_ll_tim.o
LL_TIM_HALLSENSOR_Init                            bin/stm32f4xx_ll_tim.o
LL_TIM_HALLSENSOR_StructInit                      bin/stm32f4xx_ll_tim.o
LL_TIM_IC_Init                                    bin/stm32f4xx_ll_tim.o
LL_TIM_IC_StructInit                              bin/stm32f4xx_ll_tim.o
LL_TIM_Init                                       bin/stm32f4xx_ll_tim.o
LL_TIM_OC_Init                                    bin/stm32f4xx_ll_tim.o
LL_TIM_OC_StructInit                              bin/stm32f4xx_ll_tim.o
LL_TIM_StructInit                                 bin/stm32f4xx_ll_tim.o
LL_USART_ClockInit                                bin/stm32f4xx_ll_usart.o
LL_USART_ClockStructInit                          bin/stm32f4xx_ll_usart.o
LL_USART_DeInit                                   bin/stm32f4xx_ll_usart.o
LL_USART_Init                                     bin/stm32f4xx_ll_usart.o
LL_USART_StructInit                               bin/stm32f4xx_ll_usart.o
LL_mDelay                                         bin/stm32f4xx_ll_utils.o
LPTIM1_IRQHandler                                 bin/startup_stm32f413xx.o
Led_Init                                          bin/gpio.o
                                                  bin/main.o
MemManage_Handler                                 bin/startup_stm32f413xx.o
NMI_Handler                                       bin/startup_stm32f413xx.o
OTG_FS_IRQHandler                                 bin/startup_stm32f413xx.o
OTG_FS_WKUP_IRQHandler                            bin/startup_stm32f413xx.o
PVD_IRQHandler                                    bin/startup_stm32f413xx.o
PendSV_Handler                                    bin/startup_stm32f413xx.o
QUADSPI_IRQHandler                                bin/startup_stm32f413xx.o
RCC_GetHCLKClockFreq                              bin/stm32f4xx_ll_rcc.o
RCC_GetPCLK1ClockFreq                             bin/stm32f4xx_ll_rcc.o
RCC_GetPCLK2ClockFreq                             bin/stm32f4xx_ll_rcc.o
RCC_GetSystemClockFreq                            bin/stm32f4xx_ll_rcc.o
RCC_IRQHandler                                    bin/startup_stm32f413xx.o
RCC_PLLI2S_GetFreqDomain_48M                      bin/stm32f4xx_ll_rcc.o
RCC_PLLI2S_GetFreqDomain_I2S                      bin/stm32f4xx_ll_rcc.o
RCC_PLLI2S_GetFreqDomain_SAI                      bin/stm32f4xx_ll_rcc.o
RCC_PLL_GetFreqDomain_48M                         bin/stm32f4xx_ll_rcc.o
RCC_PLL_GetFreqDomain_I2S                         bin/stm32f4xx_ll_rcc.o
RCC_PLL_GetFreqDomain_SAI                         bin/stm32f4xx_ll_rcc.o
RCC_PLL_GetFreqDomain_SYS                         bin/stm32f4xx_ll_rcc.o
RNG_IRQHandler                                    bin/startup_stm32f413xx.o
RTC_Alarm_IRQHandler                              bin/startup_stm32f413xx.o
RTC_WKUP_IRQHandler                               bin/startup_stm32f413xx.o
Reset_Handler                                     bin/startup_stm32f413xx.o
SAI1_IRQHandler                                   bin/startup_stm32f413xx.o
SDIO_IRQHandler                                   bin/startup_stm32f413xx.o
SPI1_IRQHandler                                   bin/startup_stm32f413xx.o
SPI2_IRQHandler                                   bin/startup_stm32f413xx.o
SPI3_IRQHandler                                   bin/startup_stm32f413xx.o
SPI4_IRQHandler                                   bin/startup_stm32f413xx.o
SPI5_IRQHandler                                   bin/startup_stm32f413xx.o
SVC_Handler                                       bin/startup_stm32f413xx.o
SysTick_Handler                                   bin/main.o
                                                  bin/startup_stm32f413xx.o
SystemClock_Config                                bin/main.o
SystemCoreClock                                   bin/system_stm32f4xx.o
                                                  bin/stm32f4xx_hal.o
                                                  bin/stm32f4xx_hal_rcc.o
                                                  bin/stm32f4xx_ll_utils.o
                                                  bin/stm32f4xx_hal_rcc_ex.o
SystemCoreClockUpdate                             bin/system_stm32f4xx.o
SystemInit                                        bin/system_stm32f4xx.o
                                                  bin/startup_stm32f413xx.o
TAMP_STAMP_IRQHandler                             bin/startup_stm32f413xx.o
TIM1_BRK_TIM9_IRQHandler                          bin/startup_stm32f413xx.o
TIM1_CC_IRQHandler                                bin/startup_stm32f413xx.o
TIM1_TRG_COM_TIM11_IRQHandler                     bin/startup_stm32f413xx.o
TIM1_UP_TIM10_IRQHandler                          bin/startup_stm32f413xx.o
TIM2_IRQHandler                                   bin/startup_stm32f413xx.o
TIM3_IRQHandler                                   bin/startup_stm32f413xx.o
TIM4_IRQHandler                                   bin/startup_stm32f413xx.o
TIM5_IRQHandler                                   bin/startup_stm32f413xx.o
TIM6_DAC_IRQHandler                               bin/startup_stm32f413xx.o
TIM7_IRQHandler                                   bin/startup_stm32f413xx.o
TIM8_BRK_TIM12_IRQHandler                         bin/startup_stm32f413xx.o
TIM8_CC_IRQHandler                                bin/startup_stm32f413xx.o
TIM8_TRG_COM_TIM14_IRQHandler                     bin/startup_stm32f413xx.o
TIM8_UP_TIM13_IRQHandler                          bin/startup_stm32f413xx.o
UART10_IRQHandler                                 bin/startup_stm32f413xx.o
UART4_IRQHandler                                  bin/startup_stm32f413xx.o
UART5_IRQHandler                                  bin/startup_stm32f413xx.o
UART7_IRQHandler                                  bin/startup_stm32f413xx.o
UART8_IRQHandler                                  bin/startup_stm32f413xx.o
UART9_IRQHandler                                  bin/startup_stm32f413xx.o
USART1_IRQHandler                                 bin/startup_stm32f413xx.o
USART2_IRQHandler                                 bin/startup_stm32f413xx.o
USART3_IRQHandler                                 bin/startup_stm32f413xx.o
USART6_IRQHandler                                 bin/startup_stm32f413xx.o
UsageFault_Handler                                bin/startup_stm32f413xx.o
WWDG_IRQHandler                                   bin/startup_stm32f413xx.o
_Error_Handler                                    bin/main.o
_ITM_deregisterTMCloneTable                       /usr/lib/gcc/arm-none-eabi/6.3.1/thumb/v7e-m/crtbegin.o
_ITM_registerTMCloneTable                         /usr/lib/gcc/arm-none-eabi/6.3.1/thumb/v7e-m/crtbegin.o
_Jv_RegisterClasses                               /usr/lib/gcc/arm-none-eabi/6.3.1/thumb/v7e-m/crtbegin.o
__TMC_END__                                       /usr/lib/gcc/arm-none-eabi/6.3.1/thumb/v7e-m/crtend.o
                                                  /usr/lib/gcc/arm-none-eabi/6.3.1/thumb/v7e-m/crtbegin.o
__aeabi_idiv0                                     /usr/lib/gcc/arm-none-eabi/6.3.1/thumb/v7e-m/libgcc.a(_dvmd_tls.o)
__aeabi_ldiv0                                     /usr/lib/gcc/arm-none-eabi/6.3.1/thumb/v7e-m/libgcc.a(_dvmd_tls.o)
                                                  /usr/lib/gcc/arm-none-eabi/6.3.1/thumb/v7e-m/libgcc.a(_aeabi_uldivmod.o)
__aeabi_uldivmod                                  /usr/lib/gcc/arm-none-eabi/6.3.1/thumb/v7e-m/libgcc.a(_aeabi_uldivmod.o)
                                                  bin/stm32f4xx_hal_rcc.o
__bss_end__                                       /usr/lib/gcc/arm-none-eabi/6.3.1/../../../arm-none-eabi/lib/thumb/v7e-m/crt0.o
__bss_start__                                     /usr/lib/gcc/arm-none-eabi/6.3.1/../../../arm-none-eabi/lib/thumb/v7e-m/crt0.o
__call_exitprocs                                  /usr/lib/gcc/arm-none-eabi/6.3.1/../../../arm-none-eabi/lib/thumb/v7e-m/libg.a(lib_a-__call_atexit.o)
                                                  /usr/lib/gcc/arm-none-eabi/6.3.1/../../../arm-none-eabi/lib/thumb/v7e-m/libg.a(lib_a-exit.o)
__deregister_frame_info                           /usr/lib/gcc/arm-none-eabi/6.3.1/thumb/v7e-m/crtbegin.o
__dso_handle                                      /usr/lib/gcc/arm-none-eabi/6.3.1/thumb/v7e-m/crtbegin.o
__fini_array_end                                  /usr/lib/gcc/arm-none-eabi/6.3.1/../../../arm-none-eabi/lib/thumb/v7e-m/libg.a(lib_a-fini.o)
__fini_array_start                                /usr/lib/gcc/arm-none-eabi/6.3.1/../../../arm-none-eabi/lib/thumb/v7e-m/libg.a(lib_a-fini.o)
__init_array_end                                  /usr/lib/gcc/arm-none-eabi/6.3.1/../../../arm-none-eabi/lib/thumb/v7e-m/libg.a(lib_a-init.o)
__init_array_start                                /usr/lib/gcc/arm-none-eabi/6.3.1/../../../arm-none-eabi/lib/thumb/v7e-m/libg.a(lib_a-init.o)
__libc_fini                                       /usr/lib/gcc/arm-none-eabi/6.3.1/../../../arm-none-eabi/lib/thumb/v7e-m/libg.a(lib_a-__call_atexit.o)
__libc_fini_array                                 /usr/lib/gcc/arm-none-eabi/6.3.1/../../../arm-none-eabi/lib/thumb/v7e-m/libg.a(lib_a-fini.o)
                                                  /usr/lib/gcc/arm-none-eabi/6.3.1/../../../arm-none-eabi/lib/thumb/v7e-m/libg.a(lib_a-__call_atexit.o)
                                                  /usr/lib/gcc/arm-none-eabi/6.3.1/../../../arm-none-eabi/lib/thumb/v7e-m/crt0.o
__libc_init_array                                 /usr/lib/gcc/arm-none-eabi/6.3.1/../../../arm-none-eabi/lib/thumb/v7e-m/libg.a(lib_a-init.o)
                                                  bin/startup_stm32f413xx.o
                                                  /usr/lib/gcc/arm-none-eabi/6.3.1/../../../arm-none-eabi/lib/thumb/v7e-m/crt0.o
__preinit_array_end                               /usr/lib/gcc/arm-none-eabi/6.3.1/../../../arm-none-eabi/lib/thumb/v7e-m/libg.a(lib_a-init.o)
__preinit_array_start                             /usr/lib/gcc/arm-none-eabi/6.3.1/../../../arm-none-eabi/lib/thumb/v7e-m/libg.a(lib_a-init.o)
__register_exitproc                               /usr/lib/gcc/arm-none-eabi/6.3.1/../../../arm-none-eabi/lib/thumb/v7e-m/libg.a(lib_a-__atexit.o)
                                                  /usr/lib/gcc/arm-none-eabi/6.3.1/../../../arm-none-eabi/lib/thumb/v7e-m/libg.a(lib_a-atexit.o)
__register_frame_info                             /usr/lib/gcc/arm-none-eabi/6.3.1/thumb/v7e-m/crtbegin.o
__stack                                           /usr/lib/gcc/arm-none-eabi/6.3.1/../../../arm-none-eabi/lib/thumb/v7e-m/crt0.o
__udivmoddi4                                      /usr/lib/gcc/arm-none-eabi/6.3.1/thumb/v7e-m/libgcc.a(_udivmoddi4.o)
                                                  /usr/lib/gcc/arm-none-eabi/6.3.1/thumb/v7e-m/libgcc.a(_aeabi_uldivmod.o)
_ebss                                             bin/startup_stm32f413xx.o
_edata                                            bin/startup_stm32f413xx.o
_estack                                           bin/startup_stm32f413xx.o
_exit                                             /usr/lib/gcc/arm-none-eabi/6.3.1/../../../arm-none-eabi/lib/thumb/v7e-m/libg.a(lib_a-exit.o)
_fini                                             /usr/lib/gcc/arm-none-eabi/6.3.1/thumb/v7e-m/crti.o
                                                  /usr/lib/gcc/arm-none-eabi/6.3.1/../../../arm-none-eabi/lib/thumb/v7e-m/libg.a(lib_a-fini.o)
_global_impure_ptr                                /usr/lib/gcc/arm-none-eabi/6.3.1/../../../arm-none-eabi/lib/thumb/v7e-m/libg.a(lib_a-impure.o)
                                                  /usr/lib/gcc/arm-none-eabi/6.3.1/../../../arm-none-eabi/lib/thumb/v7e-m/libg.a(lib_a-__call_atexit.o)
                                                  /usr/lib/gcc/arm-none-eabi/6.3.1/../../../arm-none-eabi/lib/thumb/v7e-m/libg.a(lib_a-__atexit.o)
                                                  /usr/lib/gcc/arm-none-eabi/6.3.1/../../../arm-none-eabi/lib/thumb/v7e-m/libg.a(lib_a-exit.o)
_impure_ptr                                       /usr/lib/gcc/arm-none-eabi/6.3.1/../../../arm-none-eabi/lib/thumb/v7e-m/libg.a(lib_a-impure.o)
_init                                             /usr/lib/gcc/arm-none-eabi/6.3.1/thumb/v7e-m/crti.o
                                                  /usr/lib/gcc/arm-none-eabi/6.3.1/../../../arm-none-eabi/lib/thumb/v7e-m/libg.a(lib_a-init.o)
_mainCRTStartup                                   /usr/lib/gcc/arm-none-eabi/6.3.1/../../../arm-none-eabi/lib/thumb/v7e-m/crt0.o
_sbss                                             bin/startup_stm32f413xx.o
_sdata                                            bin/startup_stm32f413xx.o
_sidata                                           bin/startup_stm32f413xx.o
_start                                            /usr/lib/gcc/arm-none-eabi/6.3.1/../../../arm-none-eabi/lib/thumb/v7e-m/crt0.o
atexit                                            /usr/lib/gcc/arm-none-eabi/6.3.1/../../../arm-none-eabi/lib/thumb/v7e-m/libg.a(lib_a-atexit.o)
                                                  /usr/lib/gcc/arm-none-eabi/6.3.1/../../../arm-none-eabi/lib/thumb/v7e-m/libg.a(lib_a-__call_atexit.o)
                                                  /usr/lib/gcc/arm-none-eabi/6.3.1/../../../arm-none-eabi/lib/thumb/v7e-m/crt0.o
exit                                              /usr/lib/gcc/arm-none-eabi/6.3.1/../../../arm-none-eabi/lib/thumb/v7e-m/libg.a(lib_a-exit.o)
                                                  /usr/lib/gcc/arm-none-eabi/6.3.1/../../../arm-none-eabi/lib/thumb/v7e-m/crt0.o
free                                              /usr/lib/gcc/arm-none-eabi/6.3.1/../../../arm-none-eabi/lib/thumb/v7e-m/libg.a(lib_a-__call_atexit.o)
g_pfnVectors                                      bin/startup_stm32f413xx.o
hardware_init_hook                                /usr/lib/gcc/arm-none-eabi/6.3.1/../../../arm-none-eabi/lib/thumb/v7e-m/crt0.o
main                                              bin/main.o
                                                  bin/startup_stm32f413xx.o
                                                  /usr/lib/gcc/arm-none-eabi/6.3.1/../../../arm-none-eabi/lib/thumb/v7e-m/crt0.o
malloc                                            /usr/lib/gcc/arm-none-eabi/6.3.1/../../../arm-none-eabi/lib/thumb/v7e-m/libg.a(lib_a-__atexit.o)
memset                                            /usr/lib/gcc/arm-none-eabi/6.3.1/../../../arm-none-eabi/lib/thumb/v7e-m/libg.a(lib_a-memset.o)
                                                  /usr/lib/gcc/arm-none-eabi/6.3.1/../../../arm-none-eabi/lib/thumb/v7e-m/crt0.o
pFlash                                            bin/stm32f4xx_hal_flash.o
                                                  bin/stm32f4xx_hal_flash_ex.o
software_init_hook                                /usr/lib/gcc/arm-none-eabi/6.3.1/../../../arm-none-eabi/lib/thumb/v7e-m/crt0.o
uwTick                                            bin/stm32f4xx_hal.o
uwTickFreq                                        bin/stm32f4xx_hal.o
uwTickPrio                                        bin/stm32f4xx_hal.o
